SOLUTION_n10_k1_c4_d8                q=2  claimed [[10,1,8;4]]  magma [[10,1,8;4]]  OK
SOLUTION_n10_k1_c5_d7                q=2  claimed [[10,1,7;5]]  magma [[10,1,7;5]]  OK
SOLUTION_n10_k1_c5_d8                q=2  claimed [[10,1,8;5]]  magma [[10,1,8;5]]  OK
SOLUTION_n10_k1_c6_d9                q=2  claimed [[10,1,9;6]]  magma [[10,1,9;6]]  OK
SOLUTION_n10_k1_c7_d9                q=2  claimed [[10,1,9;7]]  magma [[10,1,9;7]]  OK
SOLUTION_n10_k2_c2_d5                q=2  claimed [[10,2,5;2]]  magma [[10,2,5;2]]  OK
SOLUTION_n10_k2_c3_d5                q=2  claimed [[10,2,5;3]]  magma [[10,2,5;3]]  OK
SOLUTION_n10_k2_c7_d7                q=2  claimed [[10,2,7;7]]  magma [[10,2,7;7]]  OK
SOLUTION_n11_k1_c4_d9                q=2  claimed [[11,1,9;4]]  magma [[11,1,9;4]]  OK
SOLUTION_n11_k1_c5_d9                q=2  claimed [[11,1,9;5]]  magma [[11,1,9;5]]  OK
SOLUTION_n11_k1_c6_d9                q=2  claimed [[11,1,9;6]]  magma [[11,1,9;6]]  OK
SOLUTION_n11_k1_c7_d8                q=2  claimed [[11,1,8;7]]  magma [[11,1,8;7]]  OK
SOLUTION_n11_k1_c7_d9                q=2  claimed [[11,1,9;7]]  magma [[11,1,9;7]]  OK
SOLUTION_n11_k1_c8_d10               q=2  claimed [[11,1,10;8]]  magma [[11,1,10;8]]  OK
SOLUTION_n11_k2_c7_d7                q=2  claimed [[11,2,7;7]]  magma [[11,2,7;7]]  OK
SOLUTION_n11_k2_c8_d7                q=2  claimed [[11,2,7;8]]  magma [[11,2,7;8]]  OK
SOLUTION_n12_k1_c6_d10               q=2  claimed [[12,1,10;6]]  magma [[12,1,10;6]]  OK
SOLUTION_n12_k1_c7_d10               q=2  claimed [[12,1,10;7]]  magma [[12,1,10;7]]  OK
SOLUTION_n12_k1_c8_d11               q=2  claimed [[12,1,11;8]]  magma [[12,1,11;8]]  OK
SOLUTION_n12_k1_c9_d11               q=2  claimed [[12,1,11;9]]  magma [[12,1,11;9]]  OK
SOLUTION_n12_k2_c7_d7                q=2  claimed [[12,2,7;7]]  magma [[12,2,7;7]]  OK
SOLUTION_n12_k2_c8_d7                q=2  claimed [[12,2,7;8]]  magma [[12,2,7;8]]  OK
SOLUTION_n12_k2_c9_d8                q=2  claimed [[12,2,8;9]]  magma [[12,2,8;9]]  OK
SOLUTION_n12_k2_c9_d9                q=2  claimed [[12,2,9;9]]  magma [[12,2,9;9]]  OK
SOLUTION_n12_k3_c8_d7                q=2  claimed [[12,3,7;8]]  magma [[12,3,7;8]]  OK
SOLUTION_n12_k5_c4_d5                q=2  claimed [[12,5,5;4]]  magma [[12,5,5;4]]  OK
SOLUTION_n13_k1_c10_d12              q=2  claimed [[13,1,12;10]]  magma [[13,1,12;10]]  OK
SOLUTION_n13_k1_c6_d11               q=2  claimed [[13,1,11;6]]  magma [[13,1,11;6]]  OK
SOLUTION_n13_k1_c7_d11               q=2  claimed [[13,1,11;7]]  magma [[13,1,11;7]]  OK
SOLUTION_n13_k1_c8_d11               q=2  claimed [[13,1,11;8]]  magma [[13,1,11;8]]  OK
SOLUTION_n13_k2_c10_d9               q=2  claimed [[13,2,9;10]]  magma [[13,2,9;10]]  OK
SOLUTION_n13_k2_c8_d7                q=2  claimed [[13,2,7;8]]  magma [[13,2,7;8]]  OK
SOLUTION_n13_k3_c8_d7                q=2  claimed [[13,3,7;8]]  magma [[13,3,7;8]]  OK
SOLUTION_n13_k6_c6_d6                q=2  claimed [[13,6,6;6]]  magma [[13,6,6;6]]  OK
SOLUTION_n14_k1_c11_d13              q=2  claimed [[14,1,13;11]]  magma [[14,1,13;11]]  OK
SOLUTION_n5_k1_c2_d4                 q=2  claimed [[5,1,4;2]]  magma [[5,1,4;2]]  OK
SOLUTION_n5_k2_c2_d3                 q=2  claimed [[5,2,3;2]]  magma [[5,2,3;2]]  OK
SOLUTION_n6_k1_c2_d5                 q=2  claimed [[6,1,5;2]]  magma [[6,1,5;2]]  OK
SOLUTION_n6_k1_c3_d5                 q=2  claimed [[6,1,5;3]]  magma [[6,1,5;3]]  OK
SOLUTION_n6_k2_c1_d3                 q=2  claimed [[6,2,3;1]]  magma [[6,2,3;1]]  OK
SOLUTION_n6_k2_c3_d4                 q=2  claimed [[6,2,4;3]]  magma [[6,2,4;3]]  OK
SOLUTION_n7_k1_c2_d5                 q=2  claimed [[7,1,5;2]]  magma [[7,1,5;2]]  OK
SOLUTION_n7_k1_c3_d5                 q=2  claimed [[7,1,5;3]]  magma [[7,1,5;3]]  OK
SOLUTION_n7_k1_c4_d6                 q=2  claimed [[7,1,6;4]]  magma [[7,1,6;4]]  OK
SOLUTION_n7_k2_c2_d4                 q=2  claimed [[7,2,4;2]]  magma [[7,2,4;2]]  OK
SOLUTION_n7_k2_c4_d5                 q=2  claimed [[7,2,5;4]]  magma [[7,2,5;4]]  OK
SOLUTION_n7_k3_c3_d4                 q=2  claimed [[7,3,4;3]]  magma [[7,3,4;3]]  OK
SOLUTION_n7_k4_c2_d3                 q=2  claimed [[7,4,3;2]]  magma [[7,4,3;2]]  OK
SOLUTION_n8_k1_c2_d6                 q=2  claimed [[8,1,6;2]]  magma [[8,1,6;2]]  OK
SOLUTION_n8_k1_c3_d6                 q=2  claimed [[8,1,6;3]]  magma [[8,1,6;3]]  OK
SOLUTION_n8_k1_c4_d6                 q=2  claimed [[8,1,6;4]]  magma [[8,1,6;4]]  OK
SOLUTION_n8_k1_c4_d7                 q=2  claimed [[8,1,7;4]]  magma [[8,1,7;4]]  OK
SOLUTION_n8_k1_c5_d7                 q=2  claimed [[8,1,7;5]]  magma [[8,1,7;5]]  OK
SOLUTION_n8_k3_c3_d4                 q=2  claimed [[8,3,4;3]]  magma [[8,3,4;3]]  OK
SOLUTION_n8_k4_c1_d3                 q=2  claimed [[8,4,3;1]]  magma [[8,4,3;1]]  OK
SOLUTION_n8_k5_c2_d3                 q=2  claimed [[8,5,3;2]]  magma [[8,5,3;2]]  OK
SOLUTION_n9_k1_c2_d7                 q=2  claimed [[9,1,7;2]]  magma [[9,1,7;2]]  OK
SOLUTION_n9_k1_c3_d7                 q=2  claimed [[9,1,7;3]]  magma [[9,1,7;3]]  OK
SOLUTION_n9_k1_c4_d7                 q=2  claimed [[9,1,7;4]]  magma [[9,1,7;4]]  OK
SOLUTION_n9_k1_c5_d7                 q=2  claimed [[9,1,7;5]]  magma [[9,1,7;5]]  OK
SOLUTION_n9_k1_c6_d8                 q=2  claimed [[9,1,8;6]]  magma [[9,1,8;6]]  OK
SOLUTION_n9_k2_c3_d5                 q=2  claimed [[9,2,5;3]]  magma [[9,2,5;3]]  OK
SOLUTION_n9_k3_c2_d4                 q=2  claimed [[9,3,4;2]]  magma [[9,3,4;2]]  OK
SOLUTION_n9_k3_c4_d5                 q=2  claimed [[9,3,5;4]]  magma [[9,3,5;4]]  OK
SOLUTION_n9_k5_c1_d3                 q=2  claimed [[9,5,3;1]]  magma [[9,5,3;1]]  OK
SOLUTION3_n10_k1_c5_d9               q=3  claimed [[10,1,9;5]]  magma [[10,1,9;5]]  OK
SOLUTION3_n10_k1_c6_d9               q=3  claimed [[10,1,9;6]]  magma [[10,1,9;6]]  OK
SOLUTION3_n11_k1_c6_d10              q=3  claimed [[11,1,10;6]]  magma [[11,1,10;6]]  OK
SOLUTION3_n11_k1_c7_d10              q=3  claimed [[11,1,10;7]]  magma [[11,1,10;7]]  OK
SOLUTION3_n12_k1_c7_d11              q=3  claimed [[12,1,11;7]]  magma [[12,1,11;7]]  OK
SOLUTION3_n12_k1_c8_d11              q=3  claimed [[12,1,11;8]]  magma [[12,1,11;8]]  OK
SOLUTION3_n12_k1_c9_d11              q=3  claimed [[12,1,11;9]]  magma [[12,1,11;9]]  OK
SOLUTION3_n13_k1_c10_d12             q=3  claimed [[13,1,12;10]]  magma [[13,1,12;10]]  OK
SOLUTION3_n13_k1_c8_d12              q=3  claimed [[13,1,12;8]]  magma [[13,1,12;8]]  OK
SOLUTION3_n13_k1_c9_d12              q=3  claimed [[13,1,12;9]]  magma [[13,1,12;9]]  OK
SOLUTION3_n14_k1_c10_d13             q=3  claimed [[14,1,13;10]]  magma [[14,1,13;10]]  OK
SOLUTION3_n14_k1_c11_d13             q=3  claimed [[14,1,13;11]]  magma [[14,1,13;11]]  OK
SOLUTION3_n14_k1_c9_d13              q=3  claimed [[14,1,13;9]]  magma [[14,1,13;9]]  OK
SOLUTION3_n15_k1_c10_d14             q=3  claimed [[15,1,14;10]]  magma [[15,1,14;10]]  OK
SOLUTION3_n15_k1_c12_d14             q=3  claimed [[15,1,14;12]]  magma [[15,1,14;12]]  OK
SOLUTION3_n16_k1_c13_d15             q=3  claimed [[16,1,15;13]]  magma [[16,1,15;13]]  OK
SOLUTION3_n17_k1_c14_d16             q=3  claimed [[17,1,16;14]]  magma [[17,1,16;14]]  OK
SOLUTION3_n18_k1_c15_d17             q=3  claimed [[18,1,17;15]]  magma [[18,1,17;15]]  OK
SOLUTION3_n19_k1_c16_d18             q=3  claimed [[19,1,18;16]]  magma [[19,1,18;16]]  OK
SOLUTION3_n20_k1_c17_d19             q=3  claimed [[20,1,19;17]]  magma [[20,1,19;17]]  OK
SOLUTION3_n6_k1_c2_d5                q=3  claimed [[6,1,5;2]]  magma [[6,1,5;2]]  OK
SOLUTION3_n7_k1_c3_d6                q=3  claimed [[7,1,6;3]]  magma [[7,1,6;3]]  OK
SOLUTION3_n8_k1_c3_d7                q=3  claimed [[8,1,7;3]]  magma [[8,1,7;3]]  OK
SOLUTION3_n8_k1_c4_d7                q=3  claimed [[8,1,7;4]]  magma [[8,1,7;4]]  OK
SOLUTION3_n8_k1_c5_d7                q=3  claimed [[8,1,7;5]]  magma [[8,1,7;5]]  OK
SOLUTION3_n9_k1_c4_d8                q=3  claimed [[9,1,8;4]]  magma [[9,1,8;4]]  OK
SOLUTION3_n9_k1_c5_d8                q=3  claimed [[9,1,8;5]]  magma [[9,1,8;5]]  OK
SOLUTION4_n10_k1_c4_d9               q=4  claimed [[10,1,9;4]]  magma [[10,1,9;4]]  OK
SOLUTION4_n10_k1_c5_d9               q=4  claimed [[10,1,9;5]]  magma [[10,1,9;5]]  OK
SOLUTION4_n10_k1_c6_d9               q=4  claimed [[10,1,9;6]]  magma [[10,1,9;6]]  OK
SOLUTION4_n10_k1_c7_d9               q=4  claimed [[10,1,9;7]]  magma [[10,1,9;7]]  OK
SOLUTION4_n12_k1_c6_d11              q=4  claimed [[12,1,11;6]]  magma [[12,1,11;6]]  OK
SOLUTION4_n12_k1_c7_d11              q=4  claimed [[12,1,11;7]]  magma [[12,1,11;7]]  OK
SOLUTION4_n12_k1_c8_d11              q=4  claimed [[12,1,11;8]]  magma [[12,1,11;8]]  OK
SOLUTION4_n12_k1_c9_d11              q=4  claimed [[12,1,11;9]]  magma [[12,1,11;9]]  OK
SOLUTION4_n14_k1_c10_d13             q=4  claimed [[14,1,13;10]]  magma [[14,1,13;10]]  OK
SOLUTION4_n14_k1_c11_d13             q=4  claimed [[14,1,13;11]]  magma [[14,1,13;11]]  OK
SOLUTION4_n14_k1_c8_d13              q=4  claimed [[14,1,13;8]]  magma [[14,1,13;8]]  OK
SOLUTION4_n14_k1_c9_d13              q=4  claimed [[14,1,13;9]]  magma [[14,1,13;9]]  OK
SOLUTION4_n8_k1_c5_d7                q=4  claimed [[8,1,7;5]]  magma [[8,1,7;5]]  OK
SOLUTION5_n12_k1_c5_d11              q=5  claimed [[12,1,11;5]]  magma [[12,1,11;5]]  OK
SOLUTION5_n12_k1_c6_d11              q=5  claimed [[12,1,11;6]]  magma [[12,1,11;6]]  OK
SOLUTION5_n12_k1_c7_d11              q=5  claimed [[12,1,11;7]]  magma [[12,1,11;7]]  OK
SOLUTION5_n12_k1_c8_d11              q=5  claimed [[12,1,11;8]]  magma [[12,1,11;8]]  OK
SOLUTION5_n12_k1_c9_d11              q=5  claimed [[12,1,11;9]]  magma [[12,1,11;9]]  OK
SOLUTION5_n14_k1_c10_d13             q=5  claimed [[14,1,13;10]]  magma [[14,1,13;10]]  OK
SOLUTION5_n14_k1_c11_d13             q=5  claimed [[14,1,13;11]]  magma [[14,1,13;11]]  OK
SOLUTION5_n14_k1_c7_d13              q=5  claimed [[14,1,13;7]]  magma [[14,1,13;7]]  OK
SOLUTION5_n14_k1_c8_d13              q=5  claimed [[14,1,13;8]]  magma [[14,1,13;8]]  OK
SOLUTION5_n14_k1_c9_d13              q=5  claimed [[14,1,13;9]]  magma [[14,1,13;9]]  OK
unified_q2_n5                        q=2  claimed [[5,1,4;2]]  magma [[5,1,4;2]]  OK
unified_q2_n7                        q=2  claimed [[7,1,6;4]]  magma [[7,1,6;4]]  OK
unified_q2_n9                        q=2  claimed [[9,1,8;6]]  magma [[9,1,8;6]]  OK
unified_q3_n7                        q=3  claimed [[7,1,6;3]]  magma [[7,1,6;3]]  OK
unified_q3_n8                        q=3  claimed [[8,1,7;4]]  magma [[8,1,7;4]]  OK
unified_q3_n9                        q=3  claimed [[9,1,8;5]]  magma [[9,1,8;5]]  OK
unified_q3_n10                       q=3  claimed [[10,1,9;6]]  magma [[10,1,9;6]]  OK
unified_q3_n11                       q=3  claimed [[11,1,10;7]]  magma [[11,1,10;7]]  OK
unified_q3_n12                       q=3  claimed [[12,1,11;8]]  magma [[12,1,11;8]]  OK
unified_q4_n9                        q=4  claimed [[9,1,8;4]]  magma [[9,1,8;4]]  OK
unified_q4_n10                       q=4  claimed [[10,1,9;5]]  magma [[10,1,9;5]]  OK
unified_q4_n11                       q=4  claimed [[11,1,10;6]]  magma [[11,1,10;6]]  OK
unified_q4_n12                       q=4  claimed [[12,1,11;7]]  magma [[12,1,11;7]]  OK
unified_q4_n13                       q=4  claimed [[13,1,12;8]]  magma [[13,1,12;8]]  OK
unified_q4_n14                       q=4  claimed [[14,1,13;9]]  magma [[14,1,13;9]]  OK
unified_q5_n11                       q=5  claimed [[11,1,10;5]]  magma [[11,1,10;5]]  OK
unified_q5_n12                       q=5  claimed [[12,1,11;6]]  magma [[12,1,11;6]]  OK
unified_q5_n13                       q=5  claimed [[13,1,12;7]]  magma [[13,1,12;7]]  OK
unified_q5_n14                       q=5  claimed [[14,1,13;8]]  magma [[14,1,13;8]]  OK
unified_q5_n15                       q=5  claimed [[15,1,14;9]]  magma [[15,1,14;9]]  OK
unified_q5_n16                       q=5  claimed [[16,1,15;10]]  magma [[16,1,15;10]]  OK
qutrit_table_family_n5               q=3  claimed [[5,1,4;2]]  magma [[5,1,4;2]]  OK
qutrit_table_family_n6               q=3  claimed [[6,1,5;3]]  magma [[6,1,5;3]]  OK
qutrit_table_family_n7               q=3  claimed [[7,1,6;4]]  magma [[7,1,6;4]]  OK
qutrit_table_family_n8               q=3  claimed [[8,1,7;5]]  magma [[8,1,7;5]]  OK
qutrit_table_family_n9               q=3  claimed [[9,1,8;6]]  magma [[9,1,8;6]]  OK
qutrit_table_family_n10              q=3  claimed [[10,1,9;7]]  magma [[10,1,9;7]]  OK
qutrit_table_family_n11              q=3  claimed [[11,1,10;8]]  magma [[11,1,10;8]]  OK
qutrit_table_family_n12              q=3  claimed [[12,1,11;9]]  magma [[12,1,11;9]]  OK
qutrit_table_family_n13              q=3  claimed [[13,1,12;10]]  magma [[13,1,12;10]]  OK
qutrit_table_family_n14              q=3  claimed [[14,1,13;11]]  magma [[14,1,13;11]]  OK
qutrit_table_family_n15              q=3  claimed [[15,1,14;12]]  magma [[15,1,14;12]]  OK
qutrit_table_family_n16              q=3  claimed [[16,1,15;13]]  magma [[16,1,15;13]]  OK

===== 148 verified, 0 mismatches =====
