c --- [ banner ] -------------------------------------------------------------
c 
c CaDiCaL SAT Solver
c Copyright (c) 2016-2025
c A. Biere, M. Fleury, N. Froleyks, K. Fazekas, F. Pollitt, T. Faller
c JKU Linz, University of Freiburg, TU Wien
c 
c Version 3.0.0 7b99c07f0bcab5824a5a3ce62c7066554017f641
c Apple clang version 21.0.0 (clang-2100.0.123.102) -Wall -Wextra -O3 -DNDEBUG -DNCLOSEFROM
c Mon Sep 21 22:38:01 KST 2026 Darwin Institutes-Mac-Studio.local 25.6.0 arm64
c 
c --- [ proof tracing ] ------------------------------------------------------
c 
c opening file to write 'artifacts/refutations/binary_normalization/2026-09-22/q2_n13_k1_c8_d12.drat'
c writing binary proof trace to 'artifacts/refutations/binary_normalization/2026-09-22/q2_n13_k1_c8_d12.drat'
c 
c --- [ parsing input ] ------------------------------------------------------
c 
c reading DIMACS file from 'artifacts/refutations/binary_normalization/2026-09-22/q2_n13_k1_c8_d12.cnf'
c opening file to read 'artifacts/refutations/binary_normalization/2026-09-22/q2_n13_k1_c8_d12.cnf'
c found 'p cnf 4093 14108' header
c parsed 14108 clauses in 0.00 seconds process time
c 
c --- [ options ] ------------------------------------------------------------
c 
c all options are set to their default value
c 
c --- [ solving ] ------------------------------------------------------------
c 
c time measured in process time since initialization
c 
c  seconds  reduction conflicts       size tier2      variables
c         MB    restarts   redundant    glue  trail        remaining
c          level     rate       size/glu tier1  irredundant
c 
c *  0.00  0  0 0   0  0    0    0 0.0 0 0 2 6  0% 12758 3257 80%
c (  0.00  0  0 0   0  0    0    0 0.0 0 0 2 6  0% 12758 3257 80%
c .  0.00  0  0 0   0  0    0    0 0.0 0 0 2 6  0% 9763 3257 80%
c c  0.00  0  0 0   0  0    0    0 0.0 0 0 2 6  0% 10609 3257 80%
c d  0.01  0  0 0   0  0    0    0 0.0 0 0 2 6  0% 7801 2406 59%
c e  0.01  0  0 0   0  0    0    0 0.0 0 0 2 6  0% 5178 1142 28%
c P  0.01  0  0 0   0  0    0    0 0.0 0 0 2 6  0% 5178 1142 28%
c )  0.01  0  0 0   0  0    0    0 0.0 0 0 2 6  0% 5178 1142 28%
c {  0.01  0  0 0   0  0    0    0 0.0 0 0 2 6  0% 5178 1142 28%
c -  0.02  0 375 1   4 15  302  221 1.6 12 8 2 6 42% 5178 1142 28%
c -  0.02  0 178 2  28 11  737  472 1.6 11 7 2 6 36% 5178 1142 28%
c }  0.02  0 139 2  37  9 1004  704 1.6 11 7 2 6 34% 5178 1142 28%
c [  0.02  0  0 2  37  0 1004  704 0.0 0 0 2 6  0% 5178 1142 28%
c O  0.02  0 35 2  37 36 1005  705 1.9 27 14 2 6 23% 5178 1142 28%
c -  0.02  0 52 3  37  1 1415  705 1.2 24 20 2 6 26% 5178 1142 28%
c p  0.02  0 57 3  37  1 1686  958 1.3 22 18 2 6 27% 5178 1142 28%
c t  0.02  0 57 3  37  1 1686  958 1.3 22 18 2 6 27% 5180 1142 28%
c i  0.03  0 36 3  38  1 2353 1475 1.3 15 12 2 6 25% 5180 1139 28%
c -  0.03  0 36 4  38  1 2355  788 1.3 15 12 2 6  6% 5117 1139 28%
c ]  0.03  0 31 4  38  1 2784 1175 1.5 16 11 2 6 28% 5117 1139 28%
c 
c  seconds   reduction conflicts       size  tier2      variables
c         MB     restarts   redundant     glue  trail        remaining
c           level     rate       size/glue tier1  irredundant
c 
c {  0.03  0 139 4  38  9 2784 1175 1.6 11 7 2 6 123% 5117 1139 28%
c O  0.03  0 119 4  65  8 3006 1379 1.7 12 7 2 6 107% 5117 1139 28%
c i  0.04  0 88 4  80  7 3511 1772 1.7 11 6 2 6 81% 5117 1138 28%
c -  0.04  0 86 5  80  6 3570 1251 1.7 10 6 2 6 78% 5059 1138 28%
c s  0.04  0 75 5 110  6 3940 1567 1.7 11 6 2 6 70% 5049 1138 28%
c t  0.04  0 75 5 110  6 3940 1565 1.7 11 6 2 6 70% 5036 1138 28%
c e  0.04  0 75 5 110  6 3940 1487 1.7 11 6 2 6 70% 4932 1071 26%
c s  0.04  0 75 5 110  6 3940 1416 1.7 11 6 2 6 70% 4927 1071 26%
c t  0.05  0 71 5 130  6 4187 1634 1.7 11 6 2 6 66% 4927 1071 26%
c f  0.05  0 71 5 130  6 4187 1634 1.7 11 6 2 6 65% 4911 1079 26%
c -  0.05  0 59 6 201  6 5063 1542 1.7 11 6 2 3 55% 4911 1079 26%
c #  0.06  0 53 6 323  6 6007 2380 1.7 11 6 2 3 49% 4911 1079 26%
c }  0.06  0 50 6 360  6 6376 2675 1.7 11 6 2 3 47% 4911 1079 26%
c [  0.06  0 31 6 360  1 6376 2675 1.5 16 11 2 6 28% 4911 1079 26%
c 2  0.07  0 31 6 361  1 6790 3059 1.5 17 11 2 6 25% 4911 1063 26%
c c  0.07  0 31 6 361  1 6790 3059 1.5 17 11 2 6 25% 4553 1063 26%
c d  0.07  0 31 6 361  1 6790 2768 1.5 17 11 2 6 25% 4527 1058 26%
c t  0.07  0 31 6 361  1 6790 2766 1.5 17 11 2 6 25% 4226 907 22%
c f  0.07  0 31 6 361  1 6790 2766 1.5 17 11 2 6 24% 4137 952 23%
c -  0.07  0 31 7 361  1 6841 1779 1.5 17 11 2 6 31% 4137 952 23%
c 
c  seconds  reduction conflicts       size   tier2     variables
c         MB    restarts   redundant     glue   trail      remaining
c          level     rate       size/glue  tier1 irredundant
c 
c -  0.09  0 30 8 362  1 8909 2148 2.0 23 12 3 5 37% 4137 952 23%
c c  0.10  0 29 8 362  1 9488 2688 2.0 24 12 3 6 36% 4092 952 23%
c u  0.10  0 29 8 362  1 9488 2616 2.0 24 12 3 6 36% 3976 929 23%
c v  0.10  0 29 8 362  1 9488 2605 2.0 24 12 3 6 36% 3976 929 23%
c w  0.10  0 29 8 362  1 9488 2604 2.0 24 12 3 6 36% 3976 929 23%
c x  0.10  0 29 8 362  1 9488 2604 2.0 24 12 3 6 36% 3975 929 23%
c t  0.10  0 29 8 362  1 9488 2604 2.0 24 12 3 6 36% 3973 929 23%
c f  0.10  0 29 8 362  1 9488 2604 2.0 24 12 3 6 36% 3961 941 23%
c I  0.11  0 29 8 363  2 10009 3078 2.0 24 12 3 6 35% 3961 941 23%
c ]  0.11  0 29 8 363  2 10035 3103 2.0 23 12 3 6 35% 3961 941 23%
c {  0.11  0 50 8 363  6 10035 3103 1.7 11 6 2 3 56% 3961 941 23%
c -  0.12  0 45 9 520  6 11268 2541 1.8 12 7 2 3 51% 3961 941 23%
c t  0.13  0 42 9 681  6 12273 3457 1.8 12 7 2 3 48% 3961 941 23%
c s  0.14  0 41 9 741  6 12749 3810 1.8 12 7 2 3 47% 3961 941 23%
c t  0.14  0 41 9 741  6 12749 3810 1.8 12 7 2 3 47% 3960 941 23%
c e  0.14  0 41 9 741  6 12749 3259 1.8 12 7 2 3 47% 3936 890 22%
c s  0.14  0 41 9 741  6 12749 3251 1.8 12 7 2 3 47% 3934 890 22%
c -  0.15  0 39 10 852  5 13921 2904 1.8 13 7 2 3 44% 3934 890 22%
c B  0.16  0 37 10 1011  5 15011 3879 1.8 13 7 2 3 43% 3934 890 22%
c p  0.16  0 37 10 1042  5 15138 4035 1.8 13 7 2 3 43% 3934 890 22%
c 
c  seconds  reductions   conflicts       size  tier2     variables
c         MB     restarts     redundant     glue  trail      remaining
c          level       rate        size/glue tier1 irredundant
c 
c u  0.16  0 37 10 1042  5 15138 3967 1.8 13 7 2 3 43% 3934 890 22%
c v  0.16  0 37 10 1042  5 15138 3949 1.8 13 7 2 3 43% 3934 890 22%
c w  0.16  0 37 10 1042  5 15138 3947 1.8 13 7 2 3 43% 3934 890 22%
c f  0.17  0 37 10 1042  5 15138 3881 1.8 13 7 2 3 42% 3917 916 22%
c }  0.18  0 36 10 1190  5 16116 4779 1.9 14 7 2 3 41% 3917 916 22%
c [  0.18  0 29 10 1190  2 16116 4779 2.0 23 12 3 6 34% 3917 916 22%
c -  0.19  0 29 11 1190  2 16870 3478 2.0 24 12 3 6 35% 3917 916 22%
c p  0.20  0 28 11 1191  1 18079 4571 2.0 24 12 3 6 36% 3917 916 22%
c f  0.20  0 28 11 1191  1 18079 4559 2.0 24 12 3 6 36% 3923 917 22%
c -  0.23  0 26 12 1192  1 20118 3711 2.0 24 12 3 6 37% 3923 917 22%
c B  0.24  0 25 12 1192  1 21012 4497 2.0 24 12 3 6 37% 3923 917 22%
c p  0.24  0 25 12 1192  1 21090 4564 2.0 24 12 3 6 37% 3923 917 22%
c u  0.24  0 25 12 1192  1 21090 4512 2.0 24 12 3 6 37% 3923 917 22%
c v  0.24  0 25 12 1192  1 21090 4501 2.0 24 12 3 6 37% 3923 917 22%
c w  0.24  0 25 12 1192  1 21090 4486 2.0 24 12 3 6 37% 3923 917 22%
c ]  0.25  0 25 12 1192  1 22080 5333 2.0 24 12 3 5 37% 3923 917 22%
c {  0.25  0 36 12 1192  5 22080 5333 1.9 14 7 2 3 41% 3923 917 22%
c -  0.28  0 34 13 1486  6 23664 3980 1.9 14 8 2 3 40% 3923 917 22%
c s  0.30  0 33 13 1698  5 25618 5584 1.9 15 8 2 3 39% 3922 917 22%
c e  0.30  0 33 13 1698  5 25618 4292 1.9 15 8 2 3 39% 3876 849 21%
c 
c  seconds  reductions   conflicts       size  tier2     variables
c         MB     restarts     redundant     glue  trail      remaining
c          level       rate        size/glue tier1 irredundant
c 
c s  0.30  0 33 13 1698  5 25618 4285 1.9 15 8 2 3 39% 3876 849 21%
c ^  0.30  0 33 13 1698  5 25618 4285 1.9 15 8 2 3 39% 3876 849 21%
c -  0.32  0 31 14 1870  5 27509 3788 1.9 15 8 2 3 34% 3876 849 21%
c u  0.33  0 31 14 1870  5 27509 3664 1.9 15 8 2 3 34% 3876 849 21%
c v  0.33  0 31 14 1870  5 27509 3650 1.9 15 8 2 3 34% 3876 849 21%
c w  0.33  0 31 14 1870  5 27509 3650 1.9 15 8 2 3 34% 3876 849 21%
c t  0.33  0 31 14 1870  5 27509 3650 1.9 15 8 2 3 34% 3872 849 21%
c W  0.34  0 31 14 1938  5 28013 4097 1.9 15 8 2 3 35% 3872 849 21%
c }  0.37  0 29 14 2428  5 31551 7295 2.0 16 8 2 3 36% 3872 849 21%
c [  0.37  0 25 14 2428  1 31551 7295 2.0 24 12 3 5 43% 3872 849 21%
c -  0.38  0 25 15 2428  1 31656 4736 2.0 24 12 3 5 43% 3872 849 21%
c W  0.42  0 25 15 2431  1 36014 8632 1.9 25 13 3 5 40% 3872 849 21%
c -  0.42  0 25 16 2431  1 36104 5193 1.9 25 13 3 5 40% 3872 849 21%
c u  0.43  0 25 16 2431  1 36104 5013 1.9 25 13 3 5 40% 3872 849 21%
c v  0.43  0 25 16 2431  1 36104 4996 1.9 25 13 3 5 40% 3872 849 21%
c w  0.43  0 25 16 2431  1 36104 4996 1.9 25 13 3 5 40% 3872 849 21%
c t  0.43  0 25 16 2431  1 36104 4996 1.9 25 13 3 5 40% 3870 849 21%
c -  0.48  0 24 17 2434  1 40854 4869 1.9 25 13 3 6 38% 3870 849 21%
c s  0.50  0 24 17 2435  1 43144 6672 1.9 25 13 3 6 37% 3870 849 21%
c e  0.51  0 24 17 2435  1 43144 5790 1.9 25 13 3 6 37% 3908 810 20%
c 
c  seconds  reductions   conflicts       size   tier2     variables
c         MB     restarts     redundant     glue   trail      remaining
c          level       rate        size/glue  tier1 irredundant
c 
c s  0.51  0 24 17 2435  1 43144 5779 1.9 25 13 3 6 37% 3904 810 20%
c ]  0.52  0 23 17 2435  1 44002 6511 1.9 25 13 3 6 37% 3904 810 20%
c {  0.52  0 29 17 2435  5 44002 6511 2.0 16 8 2 3 36% 3904 810 20%
c F  0.53  0 29 17 2557  5 45016 7444 2.0 16 8 2 3 36% 3904 810 20%
c -  0.54  0 29 18 2659  5 45907 4938 2.0 16 8 2 3 36% 3904 810 20%
c u  0.54  0 29 18 2659  5 45907 4887 2.0 16 8 2 3 36% 3904 810 20%
c v  0.54  0 29 18 2659  5 45907 4862 2.0 16 8 2 3 36% 3904 810 20%
c w  0.54  0 29 18 2659  5 45907 4862 2.0 16 8 2 3 36% 3904 810 20%
c -  0.60  0 27 19 3248  5 51264 6049 2.0 17 8 2 3 36% 3904 810 20%
c p  0.60  0 27 19 3248  5 51264 6053 2.0 17 8 2 3 36% 3904 810 20%
c B  0.64  0 26 19 3554  5 55017 9103 2.0 17 8 2 3 35% 3904 810 20%
c -  0.66  0 26 20 3771  5 56924 6842 2.0 17 8 2 3 35% 3904 810 20%
c p  0.66  0 26 20 3771  5 56924 6843 2.0 17 8 2 3 35% 3904 810 20%
c u  0.67  0 26 20 3771  5 56924 6742 2.0 17 8 2 3 35% 3904 810 20%
c v  0.67  0 26 20 3771  5 56924 6703 2.0 17 8 2 3 35% 3904 810 20%
c w  0.67  0 26 20 3771  5 56924 6702 2.0 17 8 2 3 35% 3904 810 20%
c t  0.67  0 26 20 3771  5 56924 6698 2.0 17 8 2 3 35% 3904 810 20%
c }  0.69  0 25 20 3841  4 59037 8160 2.0 17 8 2 3 35% 3904 810 20%
c [  0.69  0 23 20 3841  1 59037 8160 1.9 25 13 3 6 37% 3904 810 20%
c -  0.74  0 21 21 3842  1 62890 6932 2.0 24 12 3 6 36% 3904 810 20%
c 
c  seconds  reductions   conflicts       size   tier2     variables
c         MB     restarts     redundant     glue   trail      remaining
c          level       rate        size/glue  tier1 irredundant
c 
c d  0.74  0 21 21 3842  1 62890 6920 2.0 24 12 3 6 36% 3900 809 20%
c p  0.74  0 21 21 3842  1 62890 6922 2.0 24 12 3 6 36% 3900 809 20%
c f  0.74  0 21 21 3842  1 62890 6917 2.0 24 12 3 6 36% 3902 810 20%
c s  0.78  0 22 21 3842  1 65834 9411 2.0 25 12 3 6 36% 3899 810 20%
c e  0.78  0 22 21 3842  1 65834 9233 2.0 25 12 3 6 36% 3896 807 20%
c s  0.78  0 22 21 3842  1 65834 9213 2.0 25 12 3 6 36% 3895 807 20%
c O  0.78  0 22 21 3842  1 66019 9375 2.0 25 12 3 6 36% 3895 807 20%
c -  0.82  0 22 22 3843  1 69160 7286 2.0 25 12 3 6 35% 3895 807 20%
c 2  0.82  0 22 22 3843  1 69160 7285 2.0 25 12 3 6 35% 3895 807 20%
c u  0.82  0 22 22 3843  1 69160 7194 2.0 25 12 3 6 35% 3895 807 20%
c v  0.82  0 22 22 3843  1 69160 7163 2.0 25 12 3 6 35% 3895 807 20%
c w  0.82  0 22 22 3843  1 69160 7163 2.0 25 12 3 6 35% 3895 807 20%
c ]  0.90  0 21 22 3848  1 75575 12521 2.0 25 12 3 6 35% 3895 807 20%
c {  0.90  0 25 22 3848  4 75575 12521 2.0 17 8 2 3 35% 3895 807 20%
c -  0.90  0 25 23 3853  4 75734 7614 2.0 17 8 2 3 35% 3895 807 20%
c u  0.91  0 25 23 3853  4 75734 7560 2.0 17 8 2 3 35% 3895 807 20%
c v  0.91  0 25 23 3853  4 75734 7550 2.0 17 8 2 3 35% 3895 807 20%
c w  0.91  0 25 23 3853  4 75734 7549 2.0 17 8 2 3 35% 3895 807 20%
c W  0.94  0 24 23 3881  4 78021 9091 2.1 17 8 2 3 34% 3895 807 20%
c -  1.00  0 23 24 4497  4 82613 8434 2.0 17 8 2 3 34% 3895 807 20%
c 
c  seconds  reductions   conflicts       size  tier2     variables
c         MB     restarts     redundant     glue  trail      remaining
c          level       rate        size/glue tier1 irredundant
c 
c p  1.00  0 23 24 4497  4 82613 8435 2.0 17 8 2 3 34% 3895 807 20%
c u  1.01  0 23 24 4497  4 82613 8412 2.0 17 8 2 3 34% 3895 807 20%
c v  1.01  0 23 24 4497  4 82613 8407 2.0 17 8 2 3 34% 3895 807 20%
c w  1.01  0 23 24 4497  4 82613 8407 2.0 17 8 2 3 34% 3895 807 20%
c -  1.11  0 23 25 5685  4 89798 9758 2.0 18 9 2 3 34% 3895 807 20%
c p  1.11  0 23 25 5685  4 89798 9760 2.0 18 9 2 3 34% 3895 807 20%
c u  1.11  0 23 25 5685  4 89798 9639 2.0 18 9 2 3 34% 3895 807 20%
c v  1.11  0 23 25 5685  4 89798 9620 2.0 18 9 2 3 34% 3895 807 20%
c w  1.11  0 23 25 5685  4 89798 9620 2.0 18 9 2 3 34% 3895 807 20%
c #  1.13  0 23 25 5826  4 91022 10639 2.0 18 9 2 3 34% 3895 807 20%
c }  1.14  0 23 25 5995  4 92084 11642 2.0 18 9 2 3 34% 3895 807 20%
c [  1.14  0 21 25 5995  1 92084 11642 2.0 25 12 3 6 35% 3895 807 20%
c s  1.16  0 20 25 5995  1 93086 11823 2.0 25 12 3 6 35% 3894 807 20%
c e  1.16  0 20 25 5995  1 93086 11777 2.0 25 12 3 6 35% 3894 806 20%
c s  1.16  0 20 25 5995  1 93086 11716 2.0 25 12 3 6 35% 3894 806 20%
c -  1.23  0 21 26 5996  1 97290 9818 2.0 25 13 3 6 34% 3894 806 20%
c p  1.23  0 21 26 5996  1 97290 9820 2.0 25 13 3 6 34% 3894 806 20%
c u  1.23  0 21 26 5996  1 97290 9745 2.0 25 13 3 6 34% 3894 806 20%
c v  1.23  0 21 26 5996  1 97290 9735 2.0 25 13 3 6 34% 3894 806 20%
c w  1.23  0 21 26 5996  1 97290 9735 2.0 25 13 3 6 34% 3894 806 20%
c 
c  seconds  reductions   conflicts         size   tier2     variables
c         MB     restarts       redundant     glue   trail      remaining
c          level       rate          size/glue  tier1 irredundant
c 
c B  1.33  0 21 26 6002  1 105024 15939 1.9 25 13 3 6 34% 3894 806 20%
c -  1.34  0 21 27 6002  1 105087 9636 1.9 25 13 3 6 34% 3894 806 20%
c p  1.34  0 21 27 6002  1 105087 9638 1.9 25 13 3 6 34% 3894 806 20%
c u  1.34  0 21 27 6002  1 105087 9565 1.9 25 13 3 6 34% 3894 806 20%
c v  1.34  0 21 27 6002  1 105087 9541 1.9 25 13 3 6 34% 3894 806 20%
c w  1.34  0 21 27 6002  1 105087 9541 1.9 25 13 3 6 34% 3894 806 20%
c t  1.34  0 21 27 6002  1 105087 9539 1.9 25 13 3 6 34% 3894 806 20%
c ]  1.41  0 21 27 6004  1 110656 13926 1.9 25 13 3 6 33% 3894 806 20%
c {  1.41  0 23 27 6004  4 110656 13926 2.0 18 9 2 3 34% 3894 806 20%
c -  1.45  0 23 28 6421  4 113191 9943 2.0 18 9 2 3 34% 3894 806 20%
c p  1.46  0 23 28 6421  4 113191 9945 2.0 18 9 2 3 34% 3894 806 20%
c u  1.46  0 23 28 6421  4 113191 9866 2.0 18 9 2 3 34% 3894 806 20%
c v  1.46  0 23 28 6421  4 113191 9850 2.0 18 9 2 3 34% 3894 806 20%
c w  1.46  0 23 28 6421  4 113191 9850 2.0 18 9 2 3 34% 3894 806 20%
c B  1.56  0 23 28 7469  4 120025 15919 2.0 18 9 2 3 34% 3894 806 20%
c -  1.59  0 23 29 7818  4 121602 11274 2.0 18 9 2 3 34% 3894 806 20%
c p  1.59  0 23 29 7818  4 121602 11276 2.0 18 9 2 3 34% 3894 806 20%
c u  1.59  0 23 29 7818  4 121602 11172 2.0 18 9 2 3 34% 3894 806 20%
c v  1.59  0 23 29 7818  4 121602 11158 2.0 18 9 2 3 34% 3894 806 20%
c w  1.59  0 23 29 7818  4 121602 11158 2.0 18 9 2 3 34% 3894 806 20%
c 
c  seconds  reductions   conflicts         size  tier2     variables
c         MB     restarts       redundant     glue  trail      remaining
c          level       rate          size/glue tier1 irredundant
c 
c x  1.59  0 23 29 7818  4 121602 11158 2.0 18 9 2 3 34% 3894 806 20%
c s  1.64  0 23 29 8147  4 124900 14047 2.0 18 9 2 3 34% 3894 806 20%
c s  1.65  0 23 29 8147  4 124900 14038 2.0 18 9 2 3 34% 3894 806 20%
c ^  1.65  0 23 29 8147  4 124900 14038 2.0 18 9 2 3 34% 3894 806 20%
c }  1.71  0 23 29 8650  4 128708 17482 2.0 19 9 2 3 34% 3894 806 20%
c [  1.71  0 21 29 8650  1 128708 17482 1.9 25 13 3 6 33% 3894 806 20%
c -  1.74  0 21 30 8650  1 130319 12456 1.9 25 13 3 6 34% 3894 806 20%
c p  1.74  0 21 30 8650  1 130319 12459 1.9 25 13 3 6 34% 3894 806 20%
c u  1.74  0 21 30 8650  1 130319 12364 1.9 25 13 3 6 34% 3894 806 20%
c v  1.74  0 21 30 8650  1 130319 12342 1.9 25 13 3 6 34% 3894 806 20%
c w  1.74  0 21 30 8650  1 130319 12342 1.9 25 13 3 6 34% 3894 806 20%
c W  1.84  0 21 30 8650  1 136028 17542 1.9 25 13 3 6 33% 3894 806 20%
c -  1.89  0 21 31 8651  1 139344 12379 1.9 25 13 3 6 33% 3894 806 20%
c p  1.89  0 21 31 8651  1 139344 12381 1.9 25 13 3 6 33% 3894 806 20%
c u  1.90  0 21 31 8651  1 139344 12277 1.9 25 13 3 6 33% 3894 806 20%
c v  1.90  0 21 31 8651  1 139344 12259 1.9 25 13 3 6 33% 3894 806 20%
c w  1.90  0 21 31 8651  1 139344 12259 1.9 25 13 3 6 33% 3894 806 20%
c -  2.02  0 20 32 8651  1 148676 11735 1.9 25 13 3 6 32% 3894 806 20%
c p  2.02  0 20 32 8651  1 148676 11737 1.9 25 13 3 6 32% 3894 806 20%
c u  2.02  0 20 32 8651  1 148676 11603 1.9 25 13 3 6 32% 3894 806 20%
c 
c  seconds  reductions   conflicts         size   tier2     variables
c         MB     restarts       redundant     glue   trail      remaining
c          level       rate          size/glue  tier1 irredundant
c 
c v  2.02  0 20 32 8651  1 148676 11582 1.9 25 13 3 6 32% 3894 806 20%
c w  2.02  0 20 32 8651  1 148676 11582 1.9 25 13 3 6 32% 3894 806 20%
c I  2.08  0 20 32 8652  1 153029 15304 1.9 25 13 3 6 32% 3894 806 20%
c ]  2.08  0 20 32 8652  1 153296 15544 1.9 25 13 3 6 32% 3894 806 20%
c {  2.08  0 23 32 8652  4 153296 15544 2.0 19 9 2 3 34% 3894 806 20%
c -  2.18  0 22 33 9454  4 158318 12467 2.0 19 10 2 3 34% 3894 806 20%
c p  2.18  0 22 33 9454  4 158318 12469 2.0 19 10 2 3 34% 3894 806 20%
c u  2.18  0 22 33 9454  4 158318 12260 2.0 19 10 2 3 34% 3894 806 20%
c v  2.18  0 22 33 9454  4 158318 12233 2.0 19 10 2 3 34% 3894 806 20%
c s  2.23  0 23 33 9786  4 161260 14922 2.0 19 10 2 3 34% 3894 806 20%
c e  2.23  0 23 33 9786  4 161260 14461 2.0 19 10 2 3 34% 3906 800 20%
c s  2.24  0 23 33 9786  4 161260 14455 2.0 19 10 2 3 34% 3904 800 20%
c -  2.35  0 22 34 10607  4 168266 13511 2.0 19 10 2 3 34% 3904 800 20%
c p  2.35  0 22 34 10607  4 168266 13516 2.0 19 10 2 3 34% 3904 800 20%
c u  2.35  0 22 34 10607  4 168266 13451 2.0 19 10 2 3 34% 3904 800 20%
c v  2.35  0 22 34 10607  4 168266 13438 2.0 19 10 2 3 34% 3904 800 20%
c f  2.35  0 22 34 10607  4 168266 13432 2.0 19 10 2 3 34% 3907 801 20%
c W  2.41  0 22 34 10885  4 171031 15970 2.0 19 10 2 3 34% 3907 801 20%
c }  2.47  0 22 34 11227  4 175570 19889 2.0 20 10 2 3 34% 3907 801 20%
c [  2.47  0 20 34 11227  1 175570 19889 1.9 25 13 3 6 32% 3907 801 20%
c 
c  seconds  reductions    conflicts         size   tier2     variables
c         MB      restarts       redundant     glue   trail      remaining
c          level        rate          size/glue  tier1 irredundant
c 
c -  2.52  0 20 35 11229  1 178523 14975 1.9 25 13 3 6 32% 3907 801 20%
c p  2.52  0 20 35 11229  1 178523 14978 1.9 25 13 3 6 32% 3907 801 20%
c u  2.53  0 20 35 11229  1 178523 14936 1.9 25 13 3 6 32% 3907 801 20%
c v  2.53  0 20 35 11229  1 178523 14920 1.9 25 13 3 6 32% 3907 801 20%
c w  2.53  0 20 35 11229  1 178523 14919 1.9 25 13 3 6 32% 3907 801 20%
c x  2.53  0 20 35 11229  1 178523 14919 1.9 25 13 3 6 32% 3907 801 20%
c -  2.72  0 20 36 11235  1 189086 15077 1.9 25 13 3 6 32% 3907 801 20%
c p  2.72  0 20 36 11235  1 189086 15080 1.9 25 13 3 6 32% 3907 801 20%
c u  2.72  0 20 36 11235  1 189086 15020 1.9 25 13 3 6 32% 3907 801 20%
c v  2.72  0 20 36 11235  1 189086 15007 1.9 25 13 3 6 32% 3907 801 20%
c w  2.72  0 20 36 11235  1 189086 15007 1.9 25 13 3 6 32% 3907 801 20%
c t  2.72  0 20 36 11235  1 189086 15006 1.9 25 13 3 6 32% 3907 801 20%
c B  2.74  0 20 36 11236  1 190036 15849 1.9 25 13 3 6 32% 3907 801 20%
c -  2.88  0 20 37 11240  1 199957 15227 1.9 25 13 3 6 32% 3907 801 20%
c p  2.88  0 20 37 11240  1 199957 15241 1.9 25 13 3 6 32% 3907 801 20%
c u  2.88  0 20 37 11240  1 199957 15199 1.9 25 13 3 6 32% 3907 801 20%
c v  2.88  0 20 37 11240  1 199957 15174 1.9 25 13 3 6 32% 3907 801 20%
c w  2.88  0 20 37 11240  1 199957 15174 1.9 25 13 3 6 32% 3907 801 20%
c s  2.93  0 20 37 11241  1 202424 16932 1.9 24 13 2 4 32% 3903 801 20%
c t  2.93  0 20 37 11241  1 202424 16931 1.9 24 13 2 4 32% 3903 801 20%
c 
c  seconds  reductions    conflicts         size   tier2     variables
c         MB      restarts       redundant     glue   trail      remaining
c          level        rate          size/glue  tier1 irredundant
c 
c e  2.93  0 20 37 11241  1 202424 16456 1.9 24 13 2 4 32% 3902 800 20%
c s  2.94  0 20 37 11241  1 202424 16409 1.9 24 13 2 4 32% 3902 800 20%
c ]  2.94  0 20 37 11241  1 202579 16547 1.9 24 13 2 4 32% 3902 800 20%
c {  2.94  0 22 37 11241  4 202579 16547 2.0 20 10 2 3 34% 3902 800 20%
c F  3.07  0 21 37 12046  4 210037 23002 2.0 20 10 2 3 34% 3902 800 20%
c -  3.09  0 21 38 12148  4 211137 16267 2.0 20 10 2 3 34% 3902 800 20%
c p  3.09  0 21 38 12148  4 211137 16283 2.0 20 10 2 3 34% 3902 800 20%
c u  3.10  0 21 38 12148  4 211137 16245 2.0 20 10 2 3 34% 3902 800 20%
c v  3.10  0 21 38 12148  4 211137 16228 2.0 20 10 2 3 34% 3902 800 20%
c -  3.29  0 21 39 13022  4 222625 17407 2.0 20 10 2 3 34% 3902 800 20%
c p  3.29  0 21 39 13022  4 222625 17419 2.0 20 10 2 3 34% 3902 800 20%
c u  3.31  0 21 39 13022  4 222625 17366 2.0 20 10 2 3 34% 3902 800 20%
c v  3.31  0 21 39 13022  4 222625 17344 2.0 20 10 2 3 34% 3902 800 20%
c w  3.31  0 21 39 13022  4 222625 17344 2.0 20 10 2 3 34% 3902 800 20%
c t  3.31  0 21 39 13022  4 222625 17343 2.0 20 10 2 3 34% 3902 800 20%
c }  3.41  0 20 39 13361  3 228629 21952 2.0 20 10 2 3 33% 3902 800 20%
c [  3.41  0 20 39 13361  1 228629 21952 1.9 24 13 2 4 32% 3902 800 20%
c W  3.46  0 19 39 13361  1 231038 23792 1.9 24 13 2 4 32% 3902 800 20%
c -  3.52  0 19 40 13362  1 234420 18041 1.9 24 13 2 4 31% 3902 800 20%
c p  3.52  0 19 40 13362  1 234420 18053 1.9 24 13 2 4 31% 3902 800 20%
c 
c  seconds  reductions    conflicts         size   tier2     variables
c         MB      restarts       redundant     glue   trail      remaining
c          level        rate          size/glue  tier1 irredundant
c 
c u  3.52  0 19 40 13362  1 234420 17992 1.9 24 13 2 4 31% 3902 800 20%
c v  3.52  0 19 40 13362  1 234420 17965 1.9 24 13 2 4 31% 3902 800 20%
c w  3.52  0 19 40 13362  1 234420 17965 1.9 24 13 2 4 31% 3902 800 20%
c t  3.52  0 19 40 13362  1 234420 17962 1.9 24 13 2 4 31% 3902 800 20%
c -  3.73  0 19 41 13368  1 246524 18233 1.9 24 13 2 4 31% 3902 800 20%
c p  3.73  0 19 41 13368  1 246524 18245 1.9 24 13 2 4 31% 3902 800 20%
c u  3.74  0 19 41 13368  1 246524 18157 1.9 24 13 2 4 31% 3902 800 20%
c v  3.74  0 19 41 13368  1 246524 18126 1.9 24 13 2 4 31% 3902 800 20%
c t  3.74  0 19 41 13368  1 246524 18117 1.9 24 13 2 4 31% 3902 800 20%
c s  3.78  0 19 41 13370  1 248147 19244 1.9 24 12 2 4 31% 3900 800 20%
c s  3.79  0 19 41 13370  1 248147 19217 1.9 24 12 2 4 31% 3900 800 20%
c O  3.87  0 19 41 13374  1 253039 23568 1.9 24 12 2 4 31% 3900 800 20%
c ]  3.95  0 19 41 13375  1 258028 27301 1.9 24 12 2 4 31% 3900 800 20%
c {  3.95  0 20 41 13375  3 258028 27301 2.0 20 10 2 3 33% 3900 800 20%
c -  3.97  0 20 42 13378  3 258938 18112 2.0 20 10 2 3 33% 3900 800 20%
c p  3.97  0 20 42 13378  3 258938 18135 2.0 20 10 2 3 33% 3900 800 20%
c u  3.97  0 20 42 13378  3 258938 18099 2.0 20 10 2 3 33% 3900 800 20%
c v  3.97  0 20 42 13378  3 258938 18096 2.0 20 10 2 3 33% 3900 800 20%
c t  3.97  0 20 42 13378  3 258938 18093 2.0 20 10 2 3 33% 3900 800 20%
c f  3.98  0 20 42 13378  3 258938 18086 2.0 20 10 2 3 33% 3904 801 20%
c 
c  seconds  reductions    conflicts         size   tier2     variables
c         MB      restarts       redundant     glue   trail      remaining
c          level        rate          size/glue  tier1 irredundant
c 
c -  4.15  0 19 43 13698  3 271660 19840 2.0 19 10 2 3 33% 3904 801 20%
c p  4.15  0 19 43 13698  3 271660 19855 2.0 19 10 2 3 33% 3904 801 20%
c u  4.15  0 19 43 13698  3 271660 19795 2.0 19 10 2 3 33% 3904 801 20%
c v  4.15  0 19 43 13698  3 271660 19771 2.0 19 10 2 3 33% 3904 801 20%
c w  4.15  0 19 43 13698  3 271660 19771 2.0 19 10 2 3 33% 3904 801 20%
c t  4.15  0 19 43 13698  3 271660 19765 2.0 19 10 2 3 33% 3902 801 20%
c B  4.22  0 19 43 13974  3 276043 22903 2.0 19 10 2 3 33% 3902 801 20%
c -  4.37  0 19 44 14648  3 284692 20970 2.0 19 10 2 3 32% 3902 801 20%
c p  4.37  0 19 44 14648  3 284692 20983 2.0 19 10 2 3 32% 3902 801 20%
c u  4.38  0 19 44 14648  3 284692 20897 2.0 19 10 2 3 32% 3904 801 20%
c v  4.38  0 19 44 14648  3 284692 20871 2.0 19 10 2 3 32% 3904 801 20%
c w  4.38  0 19 44 14648  3 284692 20871 2.0 19 10 2 3 32% 3904 801 20%
c t  4.38  0 19 44 14648  3 284692 20870 2.0 19 10 2 3 32% 3902 801 20%
c }  4.51  0 18 44 15230  3 292036 26967 2.0 19 10 2 3 32% 3902 801 20%
c [  4.51  0 19 44 15230  1 292036 26967 1.9 24 12 2 4 31% 3902 801 20%
c -  4.60  0 18 45 15231  1 298031 21978 2.0 24 12 2 4 31% 3902 801 20%
c p  4.60  0 18 45 15231  1 298031 21990 2.0 24 12 2 4 31% 3902 801 20%
c u  4.61  0 18 45 15231  1 298031 21900 2.0 24 12 2 4 31% 3902 801 20%
c v  4.61  0 18 45 15231  1 298031 21874 2.0 24 12 2 4 31% 3902 801 20%
c s  4.63  0 18 45 15231  1 298426 21733 2.0 24 12 2 4 31% 3892 801 20%
c 
c  seconds  reductions    conflicts         size   tier2     variables
c         MB      restarts       redundant     glue   trail      remaining
c          level        rate          size/glue  tier1 irredundant
c 
c t  4.63  0 18 45 15231  1 298426 21730 2.0 24 12 2 4 31% 3890 801 20%
c e  4.63  0 18 45 15231  1 298426 18640 2.0 24 12 2 4 31% 3889 797 19%
c s  4.65  0 18 45 15231  1 298426 18598 2.0 24 12 2 4 31% 3889 797 19%
c e  4.65  0 18 45 15231  1 298426 18407 2.0 24 12 2 4 31% 3888 795 19%
c B  4.67  0 18 45 15231  1 300045 19736 2.0 24 12 2 4 30% 3888 795 19%
c -  4.89  0 18 46 15232  1 311680 19064 2.0 24 12 2 4 30% 3888 795 19%
c p  4.89  0 18 46 15232  1 311680 19071 2.0 24 12 2 4 30% 3888 795 19%
c u  4.89  0 18 46 15232  1 311680 18950 2.0 24 12 2 4 30% 3888 795 19%
c v  4.89  0 18 46 15232  1 311680 18914 2.0 24 12 2 4 30% 3888 795 19%
c w  4.89  0 18 46 15232  1 311680 18914 2.0 24 12 2 4 30% 3888 795 19%
c ]  5.11  0 18 46 15233  1 324579 29067 1.9 24 12 2 4 29% 3888 795 19%
c {  5.11  0 18 46 15233  3 324579 29067 2.0 19 10 2 3 32% 3888 795 19%
c W  5.16  0 18 46 15234  3 325047 29436 2.0 19 10 2 3 32% 3888 795 19%
c -  5.18  0 18 47 15255  3 325637 19417 2.0 19 10 2 3 32% 3888 795 19%
c p  5.18  0 18 47 15255  3 325637 19424 2.0 19 10 2 3 32% 3888 795 19%
c u  5.18  0 18 47 15255  3 325637 19329 2.0 19 10 2 3 32% 3888 795 19%
c v  5.19  0 18 47 15255  3 325637 19308 2.0 19 10 2 3 32% 3888 795 19%
c x  5.19  0 18 47 15255  3 325637 19307 2.0 19 10 2 3 32% 3867 795 19%
c t  5.19  0 18 47 15255  3 325637 19302 2.0 19 10 2 3 32% 3865 795 19%
c -  5.41  0 18 48 15870  3 339905 21171 2.0 19 9 2 3 31% 3861 795 19%
c 
c  seconds  reductions    conflicts         size  tier2     variables
c         MB      restarts       redundant     glue  trail      remaining
c          level        rate          size/glue tier1 irredundant
c 
c p  5.41  0 18 48 15870  3 339905 21178 2.0 19 9 2 3 31% 3861 795 19%
c u  5.43  0 18 48 15870  3 339905 21046 2.0 19 9 2 3 31% 3858 795 19%
c v  5.43  0 18 48 15870  3 339905 21011 2.0 19 9 2 3 31% 3858 795 19%
c w  5.43  0 18 48 15870  3 339905 21011 2.0 19 9 2 3 31% 3858 795 19%
c t  5.43  0 18 48 15870  3 339905 21008 2.0 19 9 2 3 31% 3858 795 19%
c #  5.64  0 17 48 16488  3 351048 29394 2.0 19 9 2 3 31% 3858 795 19%
c s  5.71  0 17 48 16505  3 353388 30734 2.0 19 9 2 3 31% 3858 795 19%
c e  5.71  0 17 48 16505  3 353388 30635 2.0 19 9 2 3 31% 3897 770 19%
c s  5.73  0 17 48 16505  3 353388 30576 2.0 19 9 2 3 31% 3885 770 19%
c -  5.76  0 17 49 16567  3 354482 22252 2.0 19 9 2 3 31% 3885 770 19%
c p  5.76  0 17 49 16567  3 354482 22253 2.0 19 9 2 3 31% 3885 770 19%
c u  5.77  0 17 49 16567  3 354482 22130 2.0 19 9 2 3 31% 3885 770 19%
c v  5.77  0 17 49 16567  3 354482 22110 2.0 19 9 2 3 31% 3885 770 19%
c }  5.86  0 17 49 16646  3 359765 26215 2.0 19 9 2 3 31% 3885 770 19%
c [  5.86  0 18 49 16646  1 359765 26215 1.9 24 12 2 4 29% 3885 770 19%
c -  6.06  0 17 50 16646  1 369366 23264 2.0 24 12 2 4 29% 3885 770 19%
c p  6.06  0 17 50 16646  1 369366 23265 2.0 24 12 2 4 29% 3885 770 19%
c u  6.07  0 17 50 16646  1 369366 23204 2.0 24 12 2 4 29% 3885 770 19%
c v  6.07  0 17 50 16646  1 369366 23180 2.0 24 12 2 4 29% 3885 770 19%
c w  6.07  0 17 50 16646  1 369366 23180 2.0 24 12 2 4 29% 3885 770 19%
c 
c  seconds  reductions    conflicts         size   tier2     variables
c         MB      restarts       redundant     glue   trail      remaining
c          level        rate          size/glue  tier1 irredundant
c 
c x  6.07  0 17 50 16646  1 369366 23180 2.0 24 12 2 4 29% 3881 770 19%
c t  6.07  0 17 50 16646  1 369366 23180 2.0 24 12 2 4 29% 3880 770 19%
c W  6.26  0 17 50 16646  1 378049 30836 2.0 24 12 2 4 28% 3880 770 19%
c -  6.38  0 17 51 16646  1 384560 24246 2.1 24 12 2 4 28% 3880 770 19%
c d  6.38  0 17 51 16646  1 384560 24234 2.1 24 12 2 4 28% 3878 769 19%
c p  6.39  0 17 51 16646  1 384560 24240 2.1 24 12 2 4 28% 3878 769 19%
c u  6.39  0 17 51 16646  1 384560 24132 2.1 24 12 2 4 28% 3878 769 19%
c v  6.39  0 17 51 16646  1 384560 24096 2.1 24 12 2 4 28% 3878 769 19%
c t  6.39  0 17 51 16646  1 384560 24088 2.1 24 12 2 4 28% 3878 769 19%
c ]  6.59  0 17 51 16653  1 395423 32803 2.1 24 12 2 4 28% 3878 769 19%
c {  6.59  0 17 51 16653  3 395423 32803 2.0 19 9 2 3 31% 3878 769 19%
c -  6.70  0 16 52 16864  2 400063 24301 2.0 19 9 2 3 31% 3878 769 19%
c p  6.70  0 16 52 16864  2 400063 24309 2.0 19 9 2 3 31% 3878 769 19%
c u  6.70  0 16 52 16864  2 400063 24200 2.0 19 9 2 3 31% 3878 769 19%
c v  6.70  0 16 52 16864  2 400063 24175 2.0 19 9 2 3 31% 3878 769 19%
c w  6.70  0 16 52 16864  2 400063 24175 2.0 19 9 2 3 31% 3878 769 19%
c t  6.70  0 16 52 16864  2 400063 24174 2.0 19 9 2 3 31% 3878 769 19%
c B  6.81  0 16 52 17005  2 406050 28520 2.0 19 9 2 3 31% 3878 769 19%
c s  7.00  0 16 52 17166  2 414098 32500 2.1 19 9 2 3 30% 3861 769 19%
c e  7.00  0 16 52 17166  2 414098 32402 2.1 19 9 2 3 30% 3865 767 19%
c 
c  seconds  reductions    conflicts         size  tier2     variables
c         MB      restarts       redundant     glue  trail      remaining
c          level        rate          size/glue tier1 irredundant
c 
c s  7.03  0 16 52 17166  2 414098 32213 2.1 19 9 2 3 30% 3860 767 19%
c i  7.07  0 15 52 17166  2 415850 33153 2.1 19 9 2 3 30% 3860 766 19%
c -  7.07  0 15 53 17166  2 415875 17385 2.1 19 9 2 3 30% 3794 766 19%
c p  7.07  0 15 53 17166  2 415875 17392 2.1 19 9 2 3 30% 3794 766 19%
c u  7.08  0 15 53 17166  2 415875 17203 2.1 19 9 2 3 30% 3795 766 19%
c v  7.08  0 15 53 17166  2 415875 17153 2.1 19 9 2 3 30% 3795 766 19%
c w  7.08  0 15 53 17166  2 415875 17153 2.1 19 9 2 3 30% 3795 766 19%
c t  7.08  0 15 53 17166  2 415875 17150 2.1 19 9 2 3 30% 3793 766 19%
c f  7.08  0 15 53 17166  2 415875 17145 2.1 19 9 2 3 30% 3795 767 19%
c i  7.18  0 15 53 17357  2 422134 21697 2.1 19 9 2 3 31% 3795 766 19%
c -  7.38  0 15 54 18372  2 431997 19776 2.1 19 9 2 3 30% 3744 766 19%
c 2  7.38  0 15 54 18372  2 431997 19775 2.1 19 9 2 3 30% 3744 766 19%
c p  7.38  0 15 54 18372  2 431997 19888 2.1 19 9 2 3 30% 3744 766 19%
c u  7.38  0 15 54 18372  2 431997 19799 2.1 19 9 2 3 30% 3744 766 19%
c v  7.38  0 15 54 18372  2 431997 19760 2.1 19 9 2 3 30% 3744 766 19%
c w  7.38  0 15 54 18372  2 431997 19760 2.1 19 9 2 3 30% 3744 766 19%
c x  7.39  0 15 54 18372  2 431997 19754 2.1 19 9 2 3 30% 3744 766 19%
c t  7.39  0 15 54 18372  2 431997 19753 2.1 19 9 2 3 30% 3741 766 19%
c f  7.39  0 15 54 18372  2 431997 19673 2.1 19 9 2 3 30% 3756 769 19%
c }  7.42  0 15 54 18507  2 433528 20892 2.1 19 9 2 3 30% 3756 769 19%
c 
c  seconds  reductions    conflicts         size   tier2     variables
c         MB      restarts       redundant     glue   trail      remaining
c          level        rate          size/glue  tier1 irredundant
c 
c [  7.42  0 17 54 18507  1 433528 20892 2.1 24 12 2 4 28% 3756 769 19%
c I  7.44  0 17 54 18507  1 435053 22000 2.1 24 12 2 4 28% 3756 769 19%
c -  7.69  0 17 55 18514  1 448428 21551 2.0 24 12 2 4 28% 3756 769 19%
c p  7.69  0 17 55 18514  1 448428 21587 2.0 24 12 2 4 28% 3756 769 19%
c u  7.69  0 17 55 18514  1 448428 21515 2.0 24 12 2 4 28% 3756 769 19%
c v  7.69  0 17 55 18514  1 448428 21470 2.0 24 12 2 4 28% 3756 769 19%
c w  7.69  0 17 55 18514  1 448428 21469 2.0 24 12 2 4 28% 3756 769 19%
c t  7.69  0 17 55 18514  1 448428 21469 2.0 24 12 2 4 28% 3752 769 19%
c B  8.01  0 17 55 18521  1 465054 35746 2.0 24 12 2 3 28% 3752 769 19%
c -  8.01  0 17 56 18521  1 465170 21743 2.0 24 12 2 3 28% 3752 769 19%
c p  8.01  0 17 56 18521  1 465170 21784 2.0 24 12 2 3 28% 3752 769 19%
c u  8.02  0 17 56 18521  1 465170 21722 2.0 24 12 2 3 28% 3752 769 19%
c v  8.02  0 17 56 18521  1 465170 21707 2.0 24 12 2 3 28% 3752 769 19%
c w  8.02  0 17 56 18521  1 465170 21707 2.0 24 12 2 3 28% 3752 769 19%
c x  8.02  0 17 56 18521  1 465170 21705 2.0 24 12 2 3 28% 3726 769 19%
c t  8.02  0 17 56 18521  1 465170 21703 2.0 24 12 2 3 28% 3725 769 19%
c ]  8.24  0 17 56 18528  1 477171 31461 2.0 24 12 2 3 28% 3725 769 19%
c {  8.24  0 15 56 18528  2 477171 31461 2.1 19 9 2 3 30% 3725 769 19%
c s  8.31  0 15 56 18683  2 479379 32648 2.1 19 9 2 3 30% 3723 769 19%
c t  8.31  0 15 56 18683  2 479379 32647 2.1 19 9 2 3 30% 3723 769 19%
c 
c  seconds  reductions    conflicts         size  tier2     variables
c         MB      restarts       redundant     glue  trail      remaining
c          level        rate          size/glue tier1 irredundant
c 
c e  8.31  0 15 56 18683  2 479379 29507 2.1 19 9 2 3 30% 3682 726 18%
c s  8.33  0 15 56 18683  2 479379 29440 2.1 19 9 2 3 30% 3682 726 18%
c -  8.39  0 15 57 18898  2 482221 19818 2.1 19 9 2 3 34% 3682 726 18%
c p  8.39  0 15 57 18898  2 482221 19847 2.1 19 9 2 3 34% 3682 726 18%
c u  8.40  0 15 57 18898  2 482221 19721 2.1 19 9 2 3 34% 3682 726 18%
c v  8.40  0 15 57 18898  2 482221 19697 2.1 19 9 2 3 34% 3682 726 18%
c f  8.40  0 15 57 18898  2 482221 19697 2.1 19 9 2 3 34% 3679 727 18%
c W  8.70  0 15 57 19483  2 496056 29633 2.1 18 9 2 3 34% 3679 727 18%
c -  8.78  0 15 58 19672  2 499581 21689 2.0 18 9 2 3 34% 3679 727 18%
c p  8.78  0 15 58 19672  2 499581 21709 2.0 18 9 2 3 34% 3679 727 18%
c =  8.80  0 15 58 19672  2 499581 21709 2.0 18 9 2 3 34% 3678 726 18%
c u  8.80  0 15 58 19672  2 499581 21637 2.0 18 9 2 3 34% 3678 726 18%
c v  8.80  0 15 58 19672  2 499581 21595 2.0 18 9 2 3 34% 3678 726 18%
c w  8.80  0 15 58 19672  2 499581 21595 2.0 18 9 2 3 34% 3678 726 18%
c t  8.80  0 15 58 19672  2 499581 21591 2.0 18 9 2 3 34% 3678 726 18%
c -  9.16  0 15 59 20894  2 517251 23824 2.0 18 9 2 3 34% 3678 726 18%
c p  9.16  0 15 59 20894  2 517251 23841 2.0 18 9 2 3 34% 3678 726 18%
c u  9.16  0 15 59 20894  2 517251 23794 2.0 18 9 2 3 34% 3678 726 18%
c v  9.16  0 15 59 20894  2 517251 23779 2.0 18 9 2 3 34% 3678 726 18%
c w  9.16  0 15 59 20894  2 517251 23779 2.0 18 9 2 3 34% 3678 726 18%
c 
c  seconds  reductions    conflicts         size  tier2     variables
c         MB      restarts       redundant     glue  trail      remaining
c          level        rate          size/glue tier1 irredundant
c 
c x  9.17  0 15 59 20894  2 517251 23778 2.0 18 9 2 3 34% 3588 724 18%
c }  9.25  0 14 59 21145  2 521914 27105 2.0 18 9 2 3 34% 3588 724 18%
c [  9.25  0 17 59 21145  1 521914 27105 2.0 24 12 2 3 33% 3588 724 18%
c W  9.37  0 17 59 21147  1 528059 32296 2.1 24 12 2 3 33% 3529 724 18%
c -  9.53  0 17 60 21147  1 535232 25140 2.0 24 12 2 3 33% 3529 724 18%
c p  9.53  0 17 60 21147  1 535232 25156 2.0 24 12 2 3 33% 3463 685 17%
c u  9.53  0 17 60 21147  1 535232 25060 2.0 24 12 2 3 33% 3424 685 17%
c v  9.54  0 17 60 21147  1 535232 25032 2.0 24 12 2 3 33% 3424 685 17%
c w  9.54  0 17 60 21147  1 535232 25032 2.0 24 12 2 3 33% 3424 685 17%
c s  9.84  0 17 60 21148  1 549655 33999 2.0 24 12 2 3 33% 3418 685 17%
c t  9.84  0 17 60 21148  1 549655 33998 2.0 24 12 2 3 33% 3417 685 17%
c e  9.85  0 17 60 21148  1 549655 31566 2.0 24 12 2 3 33% 3421 678 17%
c s  9.87  0 17 60 21148  1 549655 31488 2.0 24 12 2 3 33% 3418 678 17%
c -  9.95  0 17 61 21150  1 553522 22183 2.0 24 12 2 3 33% 3418 678 17%
c p  9.95  0 17 61 21150  1 553522 22213 2.0 24 12 2 3 33% 3418 678 17%
c u  9.96  0 17 61 21150  1 553522 22075 2.0 24 12 2 3 33% 3418 678 17%
c v  9.96  0 17 61 21150  1 553522 22029 2.0 24 12 2 3 33% 3418 678 17%
c w  9.96  0 17 61 21150  1 553522 22029 2.0 24 12 2 3 33% 3418 678 17%
c O 10.09  0 17 61 21155  1 561060 28066 2.0 24 12 2 3 32% 3418 678 17%
c ] 10.23  0 17 61 21158  1 568330 33886 2.0 24 12 2 3 32% 3418 678 17%
c 
c  seconds  reductions    conflicts         size  tier2     variables
c         MB      restarts       redundant     glue  trail      remaining
c          level        rate          size/glue tier1 irredundant
c 
c { 10.23  0 14 61 21158  2 568330 33886 2.0 18 9 2 3 34% 3418 678 17%
c - 10.30  0 14 62 21314  2 572125 23404 2.0 18 9 2 3 34% 3418 678 17%
c p 10.31  0 14 62 21314  2 572125 23432 2.0 18 9 2 3 34% 3418 678 17%
c u 10.31  0 14 62 21314  2 572125 23329 2.0 18 9 2 3 34% 3418 678 17%
c v 10.31  0 14 62 21314  2 572125 23279 2.0 18 9 2 3 34% 3418 678 17%
c w 10.31  0 14 62 21314  2 572125 23279 2.0 18 9 2 3 34% 3418 678 17%
c - 10.68  0 14 63 21791  2 591035 24815 2.0 18 9 2 3 33% 3418 678 17%
c p 10.69  0 14 63 21791  2 591035 24845 2.0 18 9 2 3 33% 3418 678 17%
c u 10.70  0 14 63 21791  2 591035 24779 2.0 18 9 2 3 33% 3418 678 17%
c v 10.70  0 14 63 21791  2 591035 24758 2.0 18 9 2 3 33% 3418 678 17%
c x 10.71  0 14 63 21791  2 591035 24754 2.0 18 9 2 3 33% 3391 678 17%
c t 10.71  0 14 63 21791  2 591035 24751 2.0 18 9 2 3 33% 3391 678 17%
c i 10.73  0 14 63 21796  2 593022 25772 2.0 18 9 2 3 33% 3391 675 16%
c F 10.77  0 14 63 21930  2 595062 27363 2.0 18 9 2 3 33% 3391 675 16%
c - 11.05  0 13 64 22459  2 610255 26007 2.0 18 9 2 3 33% 3232 675 16%
c 2 11.05  0 13 64 22459  2 610255 26006 2.0 18 9 2 3 33% 3231 675 16%
c d 11.06  0 13 64 22459  2 610255 25970 2.0 18 9 2 3 33% 3149 635 16%
c p 11.06  0 13 64 22459  2 610255 25974 2.0 18 9 2 3 33% 3149 635 16%
c 2 11.06  0 13 64 22459  2 610255 25973 2.0 18 9 2 3 33% 3149 635 16%
c u 11.06  0 13 64 22459  2 610255 25858 2.0 18 9 2 3 33% 3109 635 16%
c 
c  seconds  reductions    conflicts         size  tier2     variables
c         MB      restarts       redundant     glue  trail      remaining
c          level        rate          size/glue tier1 irredundant
c 
c v 11.06  0 13 64 22459  2 610255 25811 2.0 18 9 2 3 33% 3109 635 16%
c t 11.06  0 13 64 22459  2 610255 25809 2.0 18 9 2 3 33% 3102 635 16%
c } 11.25  0 13 64 22888  2 620310 32702 2.0 17 9 2 3 32% 3100 635 16%
c [ 11.25  0 17 64 22888  1 620310 32702 2.0 24 12 2 3 32% 3100 635 16%
c s 11.35  0 17 64 22891  1 624338 29994 2.0 23 12 2 3 32% 3025 635 16%
c e 11.36  0 17 64 22891  1 624338 22598 2.0 23 12 2 3 32% 3006 586 14%
c s 11.37  0 17 64 22891  1 624338 22011 2.0 23 12 2 3 32% 2995 586 14%
c - 11.47  0 16 65 22893  1 629786 18765 2.0 23 12 2 3 29% 2995 586 14%
c 2 11.47  0 16 65 22893  1 629786 18762 2.0 23 12 2 3 29% 2995 586 14%
c p 11.47  0 16 65 22893  1 629786 18764 2.0 23 12 2 3 29% 2995 586 14%
c u 11.48  0 16 65 22893  1 629786 18649 2.0 23 12 2 3 29% 2995 586 14%
c v 11.48  0 16 65 22893  1 629786 18632 2.0 23 12 2 3 29% 2995 586 14%
c w 11.48  0 16 65 22893  1 629786 18632 2.0 23 12 2 3 29% 2995 586 14%
c x 11.48  0 16 65 22893  1 629786 18629 2.0 23 12 2 3 29% 2958 586 14%
c t 11.48  0 16 65 22893  1 629786 18628 2.0 23 12 2 3 29% 2952 586 14%
c f 11.48  0 16 65 22893  1 629786 18628 2.0 23 12 2 3 29% 2928 594 15%
c B 11.49  0 16 65 22893  1 630064 18824 2.0 23 12 2 3 29% 2928 594 15%
c i 11.61  0 16 65 22893  1 636967 23453 2.0 23 11 2 3 30% 2928 541 13%
c i 11.75  0 16 65 22900  1 646511 30727 2.0 22 11 2 3 35% 2928 539 13%
c - 11.81  0 16 66 22900  1 649626 14045 2.0 22 11 2 3 36% 2517 539 13%
c 
c  seconds  reductions    conflicts         size   tier2     variables
c         MB      restarts       redundant     glue   trail      remaining
c          level        rate          size/glue  tier1 irredundant
c 
c 2 11.81  0 16 66 22900  1 649626 14008 2.0 22 11 2 3 36% 2485 539 13%
c d 11.81  0 16 66 22900  1 649626 13754 2.0 22 11 2 3 36% 2392 495 12%
c p 11.81  0 16 66 22900  1 649626 13798 2.0 22 11 2 3 36% 2392 495 12%
c 2 11.81  0 16 66 22900  1 649626 13789 2.0 22 11 2 3 36% 2386 495 12%
c u 11.81  0 16 66 22900  1 649626 13412 2.0 22 11 2 3 36% 2370 495 12%
c v 11.81  0 16 66 22900  1 649626 13352 2.0 22 11 2 3 36% 2370 495 12%
c w 11.81  0 16 66 22900  1 649626 13352 2.0 22 11 2 3 36% 2370 495 12%
c x 11.82  0 16 66 22900  1 649626 13270 2.0 22 11 2 3 36% 2203 495 12%
c t 11.82  0 16 66 22900  1 649626 13263 2.0 22 11 2 3 36% 2202 495 12%
c i 11.83  0 16 66 22902  1 650844 14132 2.0 22 11 2 3 30% 2202 493 12%
c i 11.84  0 16 66 22902  1 651255 14413 2.0 22 11 2 3 30% 2202 491 12%
c i 11.84  0 16 66 22902  1 651257 14413 2.0 22 11 2 3 30% 2202 474 12%
c i 11.84  0 16 66 22902  1 651316 14450 2.0 22 11 2 3 30% 2202 472 12%
c i 11.84  0 16 66 22902  1 651326 14452 2.0 22 11 2 3 30% 2202 470 11%
c i 11.84  0 16 66 22902  1 651327 14452 2.0 22 11 2 3 30% 2202 469 11%
c ] 11.84  0 16 66 22902  1 651329 14452 2.0 22 11 2 3 30% 2202 441 11%
c 0 11.84  0 16 66 22902  1 651329 14452 2.0 22 11 2 3 30% 2202 441 11%
c 
c --- [ closing proof ] ------------------------------------------------------
c 
c DRAT proof file 'artifacts/refutations/binary_normalization/2026-09-22/q2_n13_k1_c8_d12.drat' closed
c DRAT 706225 added clauses 50.12%
c DRAT 702706 deleted clauses 49.88%
c DRAT 51944344 bytes (49.54 MB)
c 
c --- [ result ] -------------------------------------------------------------
c 
s UNSATISFIABLE
c 
c --- [ run-time profiling ] -------------------------------------------------
c 
c process time taken by individual solving procedures
c (percentage relative to process time for solving)
c 
c        10.98   92.71% search
c         5.40   45.59% stable
c         5.36   45.31% unstable
c         0.86    7.28% simplify
c         0.35    2.97% subsume
c         0.29    2.41% vivify
c         0.21    1.80% walk
c         0.08    0.66% sweep
c         0.05    0.38% factor
c         0.03    0.23% elim
c         0.02    0.14% congruence
c         0.01    0.12% ternary
c         0.01    0.11% probe
c         0.01    0.09% preprocess
c         0.00    0.02% backbone
c         0.00    0.02% fastelim
c         0.00    0.02% parse
c         0.00    0.00% lucky
c   =================================
c        11.84   99.98% solve
c 
c last line shows process time for solving
c (percentage relative to total process time)
c 
c --- [ statistics ] ---------------------------------------------------------
c 
c chronological:            140204        21.53 %  of conflicts
c conflicts:                651329     55017.64    per second
c backbone:                 186605      4441.92 %  of vars
c decisions:               1179866     99663.06    per second
c eliminated:                 1632        38.85 %  of all variables
c factored:                    108        21.77 %  of variables
c fixed:                       972        23.14 %  of all variables
c learned:                  639227        98.14 %  per conflict
c learned_lits:           21380948       100.00 %  learned literals
c minimized:                     0         0.00 %  learned literals
c shrunken:                5479429        25.63 %  learned literals
c minishrunken:            2579967        12.07 %  learned literals
c otfs:                       3220         0.49 %  of conflict
c propagations:           35463112         3.00 M  per second
c reduced:                  433201        66.51 %  per conflict
c rephased:                     35     18609.40    interval
c restarts:                  22902        28.44    interval
c stabilizing:                  14        50.42 %  of conflicts
c substituted:                1156        27.52 %  of all variables
c sweep equivs:                  1         0.10 %  of swept variables
c subsumed:                 133793        19.98 %  of all clauses
c strengthened:              28574         4.27 %  of all clauses
c ticks:                 907325189        26.34    propagation
c vivified:                   4766         0.71 %  of all clauses
c walked:                       10     65132.90    interval
c weakened:                  10264         2.37    average size
c congruence:                   14     46523.50    interval
c 
c seconds are measured in process time for solving
c 
c --- [ glue usage ] ---------------------------------------------------------
c 
c focused glue 2 used 996474 clauses 32.72% accumulated 70.35% tier1
c focused glue 3 used 363407 clauses 11.93% accumulated 82.29% tier2
c 
c stable glue 2 used 914396 clauses 27.29% accumulated 61.45% tier1
c stable glue 3 used 383796 clauses 11.45% accumulated 72.90% tier2
c 
c 
c --- [ resources ] ----------------------------------------------------------
c 
c total process time since initialization:        11.84    seconds
c total real time since initialization:           11.88    seconds
c maximum resident set size of process:        41120.00    MB
c 
c --- [ shutting down ] ------------------------------------------------------
c 
c exit 20
