c --- [ banner ] -------------------------------------------------------------
c 
c CaDiCaL SAT Solver
c Copyright (c) 2016-2025
c A. Biere, M. Fleury, N. Froleyks, K. Fazekas, F. Pollitt, T. Faller
c JKU Linz, University of Freiburg, TU Wien
c 
c Version 3.0.0 7b99c07f0bcab5824a5a3ce62c7066554017f641
c Apple clang version 21.0.0 (clang-2100.0.123.102) -Wall -Wextra -O3 -DNDEBUG -DNCLOSEFROM
c Mon Sep 21 22:38:01 KST 2026 Darwin Institutes-Mac-Studio.local 25.6.0 arm64
c 
c --- [ proof tracing ] ------------------------------------------------------
c 
c opening file to write 'artifacts/refutations/binary_normalization/2026-09-22/q2_n11_k1_c7_d10.drat'
c writing binary proof trace to 'artifacts/refutations/binary_normalization/2026-09-22/q2_n11_k1_c7_d10.drat'
c 
c --- [ parsing input ] ------------------------------------------------------
c 
c reading DIMACS file from 'artifacts/refutations/binary_normalization/2026-09-22/q2_n11_k1_c7_d10.cnf'
c opening file to read 'artifacts/refutations/binary_normalization/2026-09-22/q2_n11_k1_c7_d10.cnf'
c found 'p cnf 1750 5824' header
c parsed 5824 clauses in 0.00 seconds process time
c 
c --- [ options ] ------------------------------------------------------------
c 
c all options are set to their default value
c 
c --- [ solving ] ------------------------------------------------------------
c 
c time measured in process time since initialization
c 
c  seconds  reduction conflicts       size tier2     variables
c         MB    restarts   redundant    glue  trail       remaining
c          level     rate       size/glu tier1 irredundant
c 
c *  0.00  0  0 0   0  0    0    0 0.0 0 0 2 6  0% 5196 1415 81%
c (  0.00  0  0 0   0  0    0    0 0.0 0 0 2 6  0% 5196 1415 81%
c .  0.00  0  0 0   0  0    0    0 0.0 0 0 2 6  0% 4117 1415 81%
c c  0.00  0  0 0   0  0    0    0 0.0 0 0 2 6  0% 4433 1415 81%
c d  0.00  0  0 0   0  0    0    0 0.0 0 0 2 6  0% 3321 1061 61%
c =  0.00  0  0 0   0  0    0    0 0.0 0 0 2 6  0% 3321 1049 60%
c e  0.01  0  0 0   0  0    0    0 0.0 0 0 2 6  0% 2298 506 29%
c P  0.01  0  0 0   0  0    0    0 0.0 0 0 2 6  0% 2298 506 29%
c )  0.01  0  0 0   0  0    0    0 0.0 0 0 2 6  0% 2298 506 29%
c {  0.01  0  0 0   0  0    0    0 0.0 0 0 2 6  0% 2298 506 29%
c -  0.01  0 187 1   2  6  300  204 1.5 11 7 2 6 43% 2298 506 29%
c -  0.01  0 92 2   5  4  736  522 1.6 9 6 2 6 37% 2298 506 29%
c }  0.01  0 74 2  12  3 1003  753 1.6 10 6 2 6 36% 2298 506 29%
c [  0.01  0  0 2  12  0 1003  753 0.0 0 0 2 6  0% 2298 506 29%
c O  0.01  0 29 2  12 30 1004  754 1.6 25 16 2 6 23% 2298 506 29%
c -  0.02  0 33 3  12  1 1414  792 1.2 18 14 2 6 26% 2298 506 29%
c ]  0.02  0 20 3  13  2 2170 1360 1.4 13 9 2 6 27% 2298 506 29%
c {  0.02  0 74 3  13  3 2170 1360 1.6 10 6 2 6 36% 2298 506 29%
c -  0.02  0 65 4  17  3 2354 1166 1.6 9 6 2 6 48% 2298 506 29%
c O  0.02  0 48 4  37  3 3006 1710 1.8 10 6 2 6 45% 2298 506 29%
c 
c  seconds  reduction conflicts       size  tier2     variables
c         MB    restarts   redundant     glue  trail      remaining
c          level     rate       size/glue tier1 irredundant
c 
c -  0.03  0 41 5  77  3 3568 1769 1.8 10 6 2 6 40% 2298 506 29%
c s  0.03  0 40 5  98  3 3754 1930 1.8 10 6 2 6 41% 2287 506 29%
c t  0.03  0 40 5  98  3 3754 1930 1.8 10 6 2 6 41% 2284 506 29%
c e  0.03  0 40 5  98  3 3754 1829 1.8 10 6 2 6 41% 2283 493 28%
c ^  0.03  0 40 5  98  3 3754 1829 1.8 10 6 2 6 41% 2283 493 28%
c p  0.03  0 39 5 102  3 3883 1949 1.8 10 6 2 6 42% 2283 493 28%
c f  0.03  0 39 5 102  3 3883 1949 1.8 10 6 2 6 41% 2271 499 29%
c }  0.04  0 35 5 187  3 4742 2693 1.8 10 6 2 6 40% 2271 499 29%
c [  0.04  0 20 5 187  2 4742 2693 1.4 13 9 2 6 91% 2271 499 29%
c -  0.04  0 21 6 187  2 5063 2365 1.4 14 9 3 5 80% 2271 499 29%
c I  0.05  0 21 6 188  2 6008 3240 1.7 17 10 3 6 66% 2271 499 29%
c t  0.05  0 21 6 188  2 6487 3640 1.7 17 10 3 6 62% 2272 499 29%
c -  0.06  0 20 7 188  2 6841 2735 1.7 16 10 3 6 59% 2272 499 29%
c ]  0.06  0 20 7 188  2 6978 2862 1.7 16 10 3 6 59% 2272 499 29%
c {  0.06  0 35 7 188  3 6978 2862 1.8 10 6 2 6 40% 2272 499 29%
c -  0.07  0 28 8 395  3 8910 3175 1.7 11 6 3 4 37% 2272 499 29%
c p  0.07  0 28 8 408  3 9185 3410 1.7 11 6 2 3 37% 2272 499 29%
c u  0.07  0 28 8 408  3 9185 3365 1.7 11 6 2 3 37% 2272 499 29%
c v  0.07  0 28 8 408  3 9185 3305 1.7 11 6 2 3 37% 2272 499 29%
c w  0.07  0 28 8 408  3 9185 3305 1.7 11 6 2 3 37% 2272 499 29%
c 
c  seconds  reduction conflicts       size  tier2     variables
c         MB    restarts   redundant     glue  trail      remaining
c          level     rate       size/glue tier1 irredundant
c 
c x  0.07  0 28 8 408  3 9185 3304 1.7 11 6 2 3 37% 2272 499 29%
c t  0.07  0 28 8 408  3 9185 3303 1.7 11 6 2 3 37% 2271 499 29%
c #  0.08  0 26 8 518  3 10009 3955 1.7 11 6 2 3 36% 2271 499 29%
c }  0.09  0 25 8 655  3 11170 4940 1.7 11 6 2 3 36% 2271 499 29%
c [  0.09  0 20 8 655  2 11170 4940 1.7 16 10 3 6 59% 2271 499 29%
c -  0.09  0 20 9 655  2 11272 3131 1.7 16 10 3 6 58% 2271 499 29%
c p  0.10  0 19 9 655  2 11970 3742 1.8 17 10 3 6 54% 2271 499 29%
c t  0.10  0 19 9 656  2 12600 4305 1.9 18 10 3 6 53% 2270 499 29%
c e  0.10  0 19 9 656  2 12600 3423 1.9 18 10 3 6 53% 2300 467 27%
c s  0.10  0 19 9 656  2 12600 3318 1.9 18 10 3 6 53% 2289 467 27%
c -  0.12  0 18 10 657  2 13926 2803 1.9 18 10 3 5 49% 2288 467 27%
c 2  0.12  0 18 10 658  2 14836 3607 1.9 18 10 3 5 48% 2288 467 27%
c p  0.12  0 18 10 658  2 14836 3610 1.9 18 10 3 5 48% 2288 467 27%
c u  0.13  0 18 10 658  2 14836 3570 1.9 18 10 3 5 48% 2288 467 27%
c v  0.13  0 18 10 658  2 14836 3555 1.9 18 10 3 5 48% 2288 467 27%
c w  0.13  0 18 10 658  2 14836 3553 1.9 18 10 3 5 48% 2288 467 27%
c t  0.13  0 18 10 658  2 14836 3552 1.9 18 10 3 5 48% 2285 467 27%
c B  0.13  0 18 10 658  2 15012 3693 1.9 18 10 3 5 47% 2285 467 27%
c ]  0.14  0 18 10 658  1 15987 4545 1.9 18 10 3 5 46% 2285 467 27%
c {  0.14  0 25 10 658  3 15987 4545 1.7 11 6 2 3 36% 2285 467 27%
c 
c  seconds  reductions  conflicts       size  tier2     variables
c         MB     restarts    redundant     glue  trail      remaining
c          level      rate        size/glue tier1 irredundant
c 
c -  0.14  0 24 11 777  3 16876 3080 1.7 11 6 2 3 36% 2285 467 27%
c i  0.15  0 24 11 821  3 17518 3600 1.7 11 6 2 3 35% 2285 452 26%
c p  0.15  0 24 11 868  3 17780 3832 1.7 11 6 2 3 35% 2285 452 26%
c -  0.17  0 22 12 1167  3 20124 3656 1.8 12 7 2 3 35% 2065 452 26%
c 2  0.17  0 22 12 1223  3 20791 4264 1.8 12 7 2 3 35% 2065 452 26%
c p  0.18  0 22 12 1223  3 20791 4268 1.8 12 7 2 3 35% 1925 382 22%
c u  0.18  0 22 12 1223  3 20791 4217 1.8 12 7 2 3 35% 1839 382 22%
c v  0.18  0 22 12 1223  3 20791 4192 1.8 12 7 2 3 35% 1839 382 22%
c w  0.18  0 22 12 1223  3 20791 4190 1.8 12 7 2 3 35% 1839 382 22%
c f  0.18  0 22 12 1223  3 20791 4190 1.8 12 7 2 3 34% 1799 402 23%
c B  0.18  0 22 12 1269  3 21016 4391 1.8 12 7 2 3 40% 1799 402 23%
c }  0.19  0 21 12 1587  3 22688 5804 1.7 12 7 2 3 38% 1799 402 23%
c [  0.19  0 18 12 1587  1 22688 5804 1.9 18 10 3 5 59% 1799 402 23%
c -  0.20  0 18 13 1588  1 23670 4194 1.8 18 10 3 5 57% 1799 402 23%
c p  0.20  0 18 13 1588  1 23868 4350 1.8 18 10 3 5 56% 1799 401 23%
c s  0.23  0 16 13 1588  1 26358 5795 1.8 17 10 3 5 53% 1794 401 23%
c t  0.23  0 16 13 1588  1 26358 5795 1.8 17 10 3 5 53% 1793 401 23%
c e  0.23  0 16 13 1588  1 26358 2753 1.8 17 10 3 5 53% 1777 358 20%
c s  0.23  0 16 13 1588  1 26358 2698 1.8 17 10 3 5 53% 1772 358 20%
c e  0.23  0 16 13 1588  1 26358 2695 1.8 17 10 3 5 53% 1773 357 20%
c 
c  seconds  reductions   conflicts       size  tier2     variables
c         MB     restarts     redundant     glue  trail      remaining
c          level       rate        size/glue tier1 irredundant
c 
c -  0.24  0 16 14 1589  1 27516 2339 1.8 17 9 3 5 51% 1773 357 20%
c p  0.24  0 16 14 1589  1 27516 2369 1.8 17 9 3 5 51% 1773 357 20%
c u  0.24  0 16 14 1589  1 27516 2300 1.8 17 9 3 5 51% 1773 356 20%
c v  0.24  0 16 14 1589  1 27516 2274 1.8 17 9 3 5 51% 1773 356 20%
c w  0.24  0 16 14 1589  1 27516 2274 1.8 17 9 3 5 51% 1773 356 20%
c 2  0.24  0 16 14 1589  1 27516 2271 1.8 17 9 3 5 51% 1773 356 20%
c f  0.24  0 16 14 1589  1 27516 2239 1.8 17 9 3 5 49% 1746 368 21%
c W  0.25  0 16 14 1589  1 28019 2553 1.8 17 9 3 5 49% 1715 368 21%
c -  0.27  0 15 15 1592  1 31663 2850 1.8 17 9 3 5 45% 1715 368 21%
c p  0.27  0 15 15 1592  1 31663 2856 1.8 17 9 3 5 45% 1693 356 20%
c ]  0.28  0 15 15 1593  1 32326 3440 1.8 17 9 3 5 45% 1693 356 20%
c {  0.28  0 21 15 1593  3 32326 3440 1.7 12 7 2 3 37% 1693 356 20%
c i  0.29  0 20 15 1702  3 34686 5163 1.7 12 7 2 3 36% 1693 355 20%
c W  0.30  0 19 15 1811  3 36020 4344 1.7 12 7 2 3 36% 1616 355 20%
c -  0.31  0 19 16 1835  3 36113 2824 1.7 12 7 2 3 36% 1616 355 20%
c 2  0.31  0 19 16 1835  3 36113 2822 1.7 12 7 2 3 36% 1616 355 20%
c d  0.31  0 19 16 1835  3 36113 2807 1.7 12 7 2 3 36% 1586 340 19%
c p  0.31  0 19 16 1835  3 36113 2855 1.7 12 7 2 3 36% 1586 340 19%
c 2  0.31  0 19 16 1835  3 36113 2854 1.7 12 7 2 3 36% 1586 340 19%
c u  0.31  0 19 16 1835  3 36113 2769 1.7 12 7 2 3 36% 1564 340 19%
c 
c  seconds  reductions   conflicts       size  tier2     variables
c         MB     restarts     redundant     glue  trail      remaining
c          level       rate        size/glue tier1 irredundant
c 
c v  0.31  0 19 16 1835  3 36113 2747 1.7 12 7 2 3 36% 1564 340 19%
c t  0.31  0 19 16 1835  3 36113 2746 1.7 12 7 2 3 36% 1564 340 19%
c f  0.31  0 19 16 1835  3 36113 2715 1.7 12 7 2 3 36% 1580 342 20%
c -  0.34  0 18 17 2150  3 40865 3977 1.7 12 7 2 3 34% 1580 342 20%
c p  0.34  0 18 17 2150  3 40865 4007 1.7 12 7 2 3 34% 1580 342 20%
c u  0.34  0 18 17 2150  3 40865 3966 1.7 12 7 2 3 34% 1580 342 20%
c v  0.34  0 18 17 2150  3 40865 3950 1.7 12 7 2 3 34% 1580 342 20%
c w  0.34  0 18 17 2150  3 40865 3950 1.7 12 7 2 3 34% 1580 342 20%
c f  0.34  0 18 17 2150  3 40865 3935 1.7 12 7 2 3 34% 1584 344 20%
c i  0.36  0 17 17 2184  3 42843 5231 1.8 12 7 2 3 34% 1584 324 19%
c i  0.36  0 17 17 2184  3 43036 5345 1.8 12 7 2 3 34% 1584 309 18%
c i  0.36  0 17 17 2184  3 43115 1939 1.8 12 7 2 3 33% 1292 307 18%
c i  0.36  0 17 17 2184  3 43117 1940 1.8 12 7 2 3 33% 1292 306 17%
c }  0.36  0 17 17 2184  3 43120 1941 1.8 12 7 2 3 32% 1292 297 17%
c 0  0.36  0 17 17 2184  3 43120 1941 1.8 12 7 2 3 32% 1292 297 17%
c 
c --- [ closing proof ] ------------------------------------------------------
c 
c DRAT proof file 'artifacts/refutations/binary_normalization/2026-09-22/q2_n11_k1_c7_d10.drat' closed
c DRAT 54168 added clauses 49.01%
c DRAT 56358 deleted clauses 50.99%
c DRAT 2424104 bytes (2.31 MB)
c 
c --- [ result ] -------------------------------------------------------------
c 
s UNSATISFIABLE
c 
c --- [ run-time profiling ] -------------------------------------------------
c 
c process time taken by individual solving procedures
c (percentage relative to process time for solving)
c 
c         0.32   88.89% search
c         0.18   49.67% unstable
c         0.13   37.32% stable
c         0.04   11.02% simplify
c         0.01    2.67% vivify
c         0.01    2.00% sweep
c         0.01    1.84% walk
c         0.01    1.83% factor
c         0.01    1.55% preprocess
c         0.00    1.23% subsume
c         0.00    0.95% congruence
c         0.00    0.88% elim
c         0.00    0.29% fastelim
c         0.00    0.24% parse
c         0.00    0.17% probe
c         0.00    0.13% ternary
c         0.00    0.11% backbone
c         0.00    0.05% lucky
c   =================================
c         0.36   99.66% solve
c 
c last line shows process time for solving
c (percentage relative to total process time)
c 
c --- [ statistics ] ---------------------------------------------------------
c 
c chronological:             13503        31.31 %  of conflicts
c conflicts:                 43120    119850.35    per second
c backbone:                  30006      1674.44 %  of vars
c decisions:                 95215    264646.37    per second
c eliminated:                  632        35.27 %  of all variables
c factored:                     42        13.55 %  of variables
c fixed:                       400        22.32 %  of all variables
c learned:                   41527        96.31 %  per conflict
c learned_lits:             855364       100.00 %  learned literals
c minimized:                     0         0.00 %  learned literals
c shrunken:                 198036        23.15 %  learned literals
c minishrunken:              83062         9.71 %  learned literals
c otfs:                        720         1.67 %  of conflict
c propagations:            1661202         4.62 M  per second
c reduced:                   21979        50.97 %  per conflict
c rephased:                      8      5390.00    interval
c restarts:                   2184        19.74    interval
c stabilizing:                   4        41.09 %  of conflicts
c substituted:                 463        25.84 %  of all variables
c sweep equivs:                 12         3.46 %  of swept variables
c subsumed:                   8002        15.36 %  of all clauses
c strengthened:               2141         4.11 %  of all clauses
c ticks:                  20988114        13.00    propagation
c vivified:                    733         1.41 %  of all clauses
c walked:                        2     21560.00    interval
c weakened:                   4160         2.35    average size
c congruence:                    5      8624.00    interval
c 
c seconds are measured in process time for solving
c 
c --- [ glue usage ] ---------------------------------------------------------
c 
c focused glue 2 used 42077 clauses 32.05% accumulated 57.15% tier1
c focused glue 3 used 24035 clauses 18.30% accumulated 75.46% tier2
c 
c stable glue 3 used 18175 clauses 16.59% accumulated 59.78% tier1
c stable glue 4 used 10309 clauses 9.410% accumulated 69.19%
c stable glue 5 used 7546 clauses 6.887% accumulated 76.08% tier2
c 
c 
c --- [ resources ] ----------------------------------------------------------
c 
c total process time since initialization:         0.36    seconds
c total real time since initialization:            0.36    seconds
c maximum resident set size of process:        11056.00    MB
c 
c --- [ shutting down ] ------------------------------------------------------
c 
c exit 20
