c --- [ banner ] -------------------------------------------------------------
c 
c CaDiCaL SAT Solver
c Copyright (c) 2016-2025
c A. Biere, M. Fleury, N. Froleyks, K. Fazekas, F. Pollitt, T. Faller
c JKU Linz, University of Freiburg, TU Wien
c 
c Version 3.0.0 7b99c07f0bcab5824a5a3ce62c7066554017f641
c Apple clang version 21.0.0 (clang-2100.0.123.102) -Wall -Wextra -O3 -DNDEBUG -DNCLOSEFROM
c Mon Sep 21 22:38:01 KST 2026 Darwin Institutes-Mac-Studio.local 25.6.0 arm64
c 
c --- [ proof tracing ] ------------------------------------------------------
c 
c opening file to write 'artifacts/refutations/binary_normalization/2026-09-22/q2_n10_k1_c5_d9.drat'
c writing binary proof trace to 'artifacts/refutations/binary_normalization/2026-09-22/q2_n10_k1_c5_d9.drat'
c 
c --- [ parsing input ] ------------------------------------------------------
c 
c reading DIMACS file from 'artifacts/refutations/binary_normalization/2026-09-22/q2_n10_k1_c5_d9.cnf'
c opening file to read 'artifacts/refutations/binary_normalization/2026-09-22/q2_n10_k1_c5_d9.cnf'
c found 'p cnf 3145 10823' header
c parsed 10823 clauses in 0.00 seconds process time
c 
c --- [ options ] ------------------------------------------------------------
c 
c all options are set to their default value
c 
c --- [ solving ] ------------------------------------------------------------
c 
c time measured in process time since initialization
c 
c  seconds  reduction conflicts       size tier2     variables
c         MB    restarts   redundant    glue  trail       remaining
c          level     rate       size/glu tier1 irredundant
c 
c *  0.00  0  0 0   0  0    0    0 0.0 0 0 2 6  0% 9764 2501 80%
c (  0.00  0  0 0   0  0    0    0 0.0 0 0 2 6  0% 9764 2501 80%
c .  0.00  0  0 0   0  0    0    0 0.0 0 0 2 6  0% 7462 2501 80%
c c  0.00  0  0 0   0  0    0    0 0.0 0 0 2 6  0% 8122 2501 80%
c d  0.00  0  0 0   0  0    0    0 0.0 0 0 2 6  0% 5932 1836 58%
c e  0.01  0  0 0   0  0    0    0 0.0 0 0 2 6  0% 3875 826 26%
c P  0.01  0  0 0   0  0    0    0 0.0 0 0 2 6  0% 3875 826 26%
c )  0.01  0  0 0   0  0    0    0 0.0 0 0 2 6  0% 3875 826 26%
c {  0.01  0  0 0   0  0    0    0 0.0 0 0 2 6  0% 3875 826 26%
c -  0.01  0 234 1   2  9  300  195 1.5 11 7 2 6 37% 3875 826 26%
c -  0.01  0 103 2   4  5  734  462 1.8 11 6 2 6 32% 3875 826 26%
c i  0.02  0 98 2   4  5  772  475 1.8 11 6 2 6 32% 3875 825 26%
c }  0.02  0 81 2  10  5 1002  681 1.8 11 6 2 6 31% 3875 825 26%
c [  0.02  0  0 2  10  0 1002  681 0.0 0 0 2 6  0% 3875 825 26%
c O  0.02  0 25 2  10 26 1003  682 1.9 21 11 2 6 23% 3875 825 26%
c -  0.02  0 31 3  10  1 1411  459 1.3 18 14 2 6 24% 3818 825 26%
c c  0.02  0 31 3  10  1 1593  618 1.3 15 11 2 6 25% 3768 801 25%
c i  0.02  0 23 3  10  1 1841  796 1.4 12 9 2 6 24% 3766 797 25%
c ]  0.03  0 21 3  11  1 2282 1160 1.8 16 9 2 6 27% 3766 797 25%
c {  0.03  0 81 3  11  5 2282 1160 1.8 11 6 2 6 31% 3766 797 25%
c 
c  seconds  reduction conflicts       size  tier2     variables
c         MB    restarts   redundant     glue  trail      remaining
c          level     rate       size/glue tier1 irredundant
c 
c -  0.03  0 77 4  14  4 2350  731 1.8 10 6 2 6 14% 3703 797 25%
c O  0.03  0 57 4  81  5 3006 1325 1.8 11 6 2 6 30% 3703 797 25%
c i  0.03  0 50 4  95  4 3297 1543 1.8 10 6 2 6 26% 3703 788 25%
c -  0.03  0 47 5 114  4 3562 1341 1.8 10 6 2 6 27% 3514 788 25%
c s  0.04  0 44 5 156  4 3930 1666 1.8 11 6 2 6 28% 3508 788 25%
c t  0.04  0 44 5 156  4 3930 1665 1.8 11 6 2 6 28% 3502 788 25%
c e  0.04  0 44 5 156  4 3930 1408 1.8 11 6 2 6 28% 3233 671 21%
c s  0.04  0 44 5 156  4 3930 1388 1.8 11 6 2 6 28% 3232 671 21%
c c  0.04  0 43 5 195  4 4098 1543 1.8 11 6 2 6 28% 3200 671 21%
c f  0.04  0 43 5 195  4 4098 1541 1.8 11 6 2 6 27% 3136 683 22%
c }  0.05  0 39 5 321  5 4982 2356 1.8 11 6 2 6 28% 3136 683 22%
c [  0.05  0 21 5 321  1 4982 2356 1.8 16 9 2 6 102% 3136 683 22%
c -  0.05  0 21 6 321  1 5055 1978 1.9 16 9 4 9 99% 3136 683 22%
c I  0.06  0 17 6 322  1 6007 2844 2.2 19 9 3 7 72% 3136 683 22%
c p  0.07  0 16 6 322  1 6702 3464 2.3 19 8 3 6 62% 3136 683 22%
c f  0.07  0 16 6 322  1 6702 3464 2.3 19 8 3 6 61% 3124 695 22%
c -  0.07  0 16 7 322  1 6832 2558 2.3 19 8 3 6 50% 3124 695 22%
c ]  0.08  0 17 7 322  1 7695 3361 2.2 20 9 3 6 43% 3124 695 22%
c {  0.08  0 39 7 322  5 7695 3361 1.8 11 6 2 6 34% 3124 695 22%
c -  0.09  0 34 8 532  5 8898 3099 1.7 12 7 2 6 33% 3124 695 22%
c 
c  seconds  reduction conflicts       size  tier2     variables
c         MB    restarts   redundant     glue  trail      remaining
c          level     rate       size/glue tier1 irredundant
c 
c p  0.10  0 33 8 622  5 9400 3596 1.7 12 7 2 3 33% 3124 695 22%
c u  0.10  0 33 8 622  5 9400 3544 1.7 12 7 2 3 33% 3124 695 22%
c v  0.10  0 33 8 622  5 9400 3541 1.7 12 7 2 3 33% 3124 695 22%
c w  0.10  0 33 8 622  5 9400 3540 1.7 12 7 2 3 33% 3124 695 22%
c x  0.10  0 33 8 622  5 9400 3538 1.7 12 7 2 3 33% 3119 695 22%
c t  0.10  0 33 8 622  5 9400 3538 1.7 12 7 2 3 33% 3118 695 22%
c f  0.10  0 33 8 622  5 9400 3501 1.7 12 7 2 3 33% 3140 698 22%
c #  0.11  0 32 8 726  5 10008 4038 1.8 12 7 2 3 33% 3140 698 22%
c -  0.12  0 30 9 961  5 11256 2981 1.8 13 7 2 3 34% 3140 698 22%
c }  0.12  0 30 9 1014  5 11516 3230 1.8 13 7 2 3 34% 3140 698 22%
c [  0.12  0 17 9 1014  1 11516 3230 2.2 20 9 3 6 43% 3140 698 22%
c p  0.13  0 17 9 1015  1 12186 3790 2.1 19 9 3 6 38% 3140 698 22%
c s  0.14  0 17 9 1016  1 13003 4474 2.1 19 9 3 6 35% 3140 698 22%
c e  0.14  0 17 9 1016  1 13003 3650 2.1 19 9 3 6 35% 3074 651 21%
c s  0.14  0 17 9 1016  1 13003 3642 2.1 19 9 3 6 35% 3073 651 21%
c -  0.15  0 17 10 1017  1 13912 2552 2.0 19 9 3 6 33% 3073 651 21%
c B  0.16  0 16 10 1017  1 15010 3435 2.0 18 9 3 6 32% 3073 651 21%
c p  0.16  0 16 10 1017  1 15052 3475 2.0 18 9 3 6 32% 3073 651 21%
c u  0.16  0 16 10 1017  1 15052 3409 2.0 18 9 3 6 32% 3073 651 21%
c v  0.16  0 16 10 1017  1 15052 3388 2.0 18 9 3 6 32% 3073 651 21%
c 
c  seconds  reductions   conflicts       size  tier2     variables
c         MB     restarts     redundant     glue  trail      remaining
c          level       rate        size/glue tier1 irredundant
c 
c w  0.16  0 16 10 1017  1 15052 3383 2.0 18 9 3 6 32% 3073 651 21%
c f  0.16  0 16 10 1017  1 15052 3380 2.0 18 9 3 6 32% 3075 652 21%
c -  0.18  0 16 11 1018  1 16860 2717 2.0 19 9 3 6 31% 3075 652 21%
c p  0.18  0 16 11 1018  1 17993 3703 2.1 19 9 3 6 31% 3075 652 21%
c ]  0.19  0 16 11 1018  1 18280 3911 2.1 19 9 3 6 31% 3075 652 21%
c {  0.19  0 30 11 1018  5 18280 3911 1.8 13 7 2 3 34% 3075 652 21%
c -  0.21  0 28 12 1236  5 20110 3263 1.9 14 7 2 3 33% 3075 652 21%
c p  0.21  0 27 12 1361  5 21003 4094 1.9 14 8 2 3 33% 3075 652 21%
c u  0.22  0 27 12 1361  5 21003 4076 1.9 14 8 2 3 33% 3075 652 21%
c v  0.22  0 27 12 1361  5 21003 4069 1.9 14 8 2 3 33% 3075 652 21%
c w  0.22  0 27 12 1361  5 21003 4069 1.9 14 8 2 3 33% 3075 652 21%
c f  0.22  0 27 12 1361  5 21003 4066 1.9 14 8 2 3 33% 3077 653 21%
c B  0.22  0 27 12 1362  5 21011 4073 1.9 14 8 2 3 33% 3077 653 21%
c -  0.24  0 26 13 1808  5 23655 3964 1.8 14 8 2 3 33% 3077 653 21%
c p  0.25  0 26 13 1867  5 24079 4366 1.8 14 8 2 3 33% 3077 653 21%
c f  0.25  0 26 13 1867  5 24079 4363 1.8 14 8 2 3 33% 3079 654 21%
c }  0.27  0 25 13 2125  4 25629 5804 1.8 15 8 2 3 33% 3079 654 21%
c [  0.27  0 16 13 2125  1 25629 5804 2.1 19 9 3 6 31% 3079 654 21%
c s  0.27  0 16 13 2125  1 26439 6407 2.1 19 9 3 6 31% 3078 654 21%
c e  0.28  0 16 13 2125  1 26439 6179 2.1 19 9 3 6 31% 3075 651 21%
c 
c  seconds  reductions   conflicts       size  tier2     variables
c         MB     restarts     redundant     glue  trail      remaining
c          level       rate        size/glue tier1 irredundant
c 
c s  0.28  0 16 13 2125  1 26439 6163 2.1 19 9 3 6 31% 3075 651 21%
c -  0.29  0 17 14 2125  1 27501 4313 2.0 19 9 3 6 31% 3075 651 21%
c p  0.29  0 17 14 2125  1 27501 4315 2.0 19 9 3 6 31% 3075 651 21%
c u  0.29  0 17 14 2125  1 27501 4255 2.0 19 9 3 6 31% 3075 651 21%
c v  0.29  0 17 14 2125  1 27501 4244 2.0 19 9 3 6 31% 3075 651 21%
c w  0.29  0 17 14 2125  1 27501 4244 2.0 19 9 3 6 31% 3075 651 21%
c f  0.29  0 17 14 2125  1 27501 4241 2.0 19 9 3 6 31% 3077 652 21%
c W  0.30  0 17 14 2126  1 28015 4668 2.0 19 10 3 6 30% 3077 652 21%
c -  0.34  0 16 15 2129  1 31648 4339 1.9 19 10 3 6 29% 3077 652 21%
c p  0.34  0 16 15 2129  1 31648 4339 1.9 19 10 3 6 29% 3077 652 21%
c f  0.34  0 16 15 2129  1 31648 4336 1.9 19 10 3 6 29% 3079 653 21%
c ]  0.37  0 16 15 2131  1 34906 6802 1.9 19 10 3 6 29% 3079 653 21%
c {  0.37  0 25 15 2131  4 34906 6802 1.8 15 8 2 3 33% 3079 653 21%
c W  0.38  0 24 15 2189  4 36016 7755 1.9 15 8 2 3 33% 3079 653 21%
c -  0.38  0 24 16 2189  4 36096 4437 1.9 15 8 2 3 33% 3079 653 21%
c p  0.38  0 24 16 2189  4 36096 4438 1.9 15 8 2 3 33% 3079 653 21%
c u  0.39  0 24 16 2189  4 36096 4312 1.9 15 8 2 3 33% 3079 653 21%
c v  0.39  0 24 16 2189  4 36096 4292 1.9 15 8 2 3 33% 3079 653 21%
c w  0.39  0 24 16 2189  4 36096 4292 1.9 15 8 2 3 33% 3079 653 21%
c -  0.43  0 22 17 2557  4 40847 5008 2.0 16 8 2 3 33% 3079 653 21%
c 
c  seconds  reductions   conflicts       size  tier2     variables
c         MB     restarts     redundant     glue  trail      remaining
c          level       rate        size/glue tier1 irredundant
c 
c s  0.46  0 20 17 2564  3 44359 6868 2.0 16 8 2 3 32% 3079 653 21%
c e  0.46  0 20 17 2564  3 44359 6816 2.0 16 8 2 3 32% 3078 652 21%
c s  0.47  0 20 17 2564  3 44359 6791 2.0 16 8 2 3 32% 3078 652 21%
c ^  0.47  0 20 17 2564  3 44359 6791 2.0 16 8 2 3 32% 3078 652 21%
c F  0.47  0 19 17 2591  3 45019 7191 2.0 15 8 2 3 32% 3078 652 21%
c -  0.48  0 19 18 2654  3 45901 5045 2.0 15 8 2 3 32% 3078 652 21%
c u  0.49  0 19 18 2654  3 45901 4952 2.0 15 8 2 3 32% 3078 652 21%
c v  0.49  0 19 18 2654  3 45901 4937 2.0 15 8 2 3 32% 3078 652 21%
c }  0.51  0 18 18 2794  3 48986 7017 2.0 15 8 2 3 32% 3078 652 21%
c [  0.51  0 16 18 2794  1 48986 7017 1.9 19 10 3 6 29% 3078 652 21%
c -  0.54  0 15 19 2795  1 51257 5535 1.9 19 10 3 6 29% 3078 652 21%
c p  0.54  0 15 19 2795  1 51257 5536 1.9 19 10 3 6 29% 3078 652 21%
c O  0.58  0 15 19 2796  1 55020 8383 1.9 18 9 3 6 30% 3078 652 21%
c -  0.60  0 15 20 2796  1 56919 6215 2.0 18 9 3 6 30% 3078 652 21%
c u  0.60  0 15 20 2796  1 56919 6034 2.0 18 9 3 6 30% 3078 652 21%
c v  0.60  0 15 20 2796  1 56919 6000 2.0 18 9 3 6 30% 3078 652 21%
c w  0.60  0 15 20 2796  1 56919 6000 2.0 18 9 3 6 30% 3078 652 21%
c ]  0.64  0 15 20 2796  1 61597 9510 1.9 18 9 3 6 30% 3078 652 21%
c {  0.64  0 18 20 2796  3 61597 9510 2.0 15 8 2 3 32% 3078 652 21%
c -  0.66  0 18 21 3040  3 62886 6290 2.0 15 8 2 3 32% 3078 652 21%
c 
c  seconds  reductions   conflicts       size  tier2     variables
c         MB     restarts     redundant     glue  trail      remaining
c          level       rate        size/glue tier1 irredundant
c 
c p  0.66  0 18 21 3040  3 62886 6291 2.0 15 8 2 3 32% 3078 652 21%
c u  0.67  0 18 21 3040  3 62886 6187 2.0 15 8 2 3 32% 3079 652 21%
c v  0.67  0 18 21 3040  3 62886 6177 2.0 15 8 2 3 32% 3079 652 21%
c B  0.70  0 17 21 3203  3 66021 8482 2.0 15 8 2 3 32% 3079 652 21%
c s  0.71  0 17 21 3374  3 66753 8813 2.0 15 8 2 3 32% 3079 652 21%
c t  0.71  0 17 21 3374  3 66753 8813 2.0 15 8 2 3 32% 3078 652 21%
c e  0.71  0 17 21 3374  3 66753 7723 2.0 15 8 2 3 32% 3100 627 20%
c s  0.72  0 17 21 3374  3 66753 7693 2.0 15 8 2 3 32% 3091 627 20%
c -  0.74  0 17 22 3691  3 69155 6001 2.0 15 8 2 3 32% 3091 627 20%
c p  0.74  0 17 22 3691  3 69155 6006 2.0 15 8 2 3 32% 3091 627 20%
c u  0.74  0 17 22 3691  3 69155 5912 2.0 15 8 2 3 32% 3091 627 20%
c v  0.74  0 17 22 3691  3 69155 5848 2.0 15 8 2 3 32% 3091 627 20%
c w  0.74  0 17 22 3691  3 69155 5848 2.0 15 8 2 3 32% 3091 627 20%
c t  0.74  0 17 22 3691  3 69155 5835 2.0 15 8 2 3 32% 3091 627 20%
c f  0.74  0 17 22 3691  3 69155 5833 2.0 15 8 2 3 32% 3091 628 20%
c i  0.77  0 16 22 3903  3 72486 8097 2.0 15 8 2 3 31% 3091 624 20%
c -  0.81  0 17 23 4575  3 75730 5996 1.9 15 8 2 3 31% 2967 624 20%
c u  0.82  0 17 23 4575  3 75730 5956 1.9 15 8 2 3 31% 2797 570 18%
c v  0.82  0 17 23 4575  3 75730 5944 1.9 15 8 2 3 31% 2797 570 18%
c w  0.82  0 17 23 4575  3 75730 5944 1.9 15 8 2 3 31% 2797 570 18%
c 
c  seconds  reductions   conflicts       size  tier2     variables
c         MB     restarts     redundant     glue  trail      remaining
c          level       rate        size/glue tier1 irredundant
c 
c }  0.83  0 17 23 4702  3 76468 6615 1.9 16 8 2 3 37% 2797 570 18%
c [  0.83  0 15 23 4702  1 76468 6615 1.9 18 9 3 6 36% 2797 570 18%
c B  0.84  0 15 23 4703  1 78023 7917 1.9 18 10 3 6 36% 2797 570 18%
c -  0.90  0 14 24 4707  1 82609 6510 1.9 18 10 3 6 36% 2797 570 18%
c u  0.90  0 14 24 4707  1 82609 6467 1.9 18 10 3 6 36% 2797 570 18%
c v  0.90  0 14 24 4707  1 82609 6455 1.9 18 10 3 6 36% 2797 570 18%
c w  0.90  0 14 24 4707  1 82609 6455 1.9 18 10 3 6 36% 2797 570 18%
c -  0.99  0 14 25 4710  1 89795 6544 1.9 18 10 3 6 35% 2797 570 18%
c u  0.99  0 14 25 4710  1 89795 6481 1.9 18 10 3 6 35% 2797 570 18%
c v  0.99  0 14 25 4710  1 89795 6463 1.9 18 10 3 6 35% 2797 570 18%
c W  1.01  0 14 25 4711  1 91024 7433 1.9 18 9 3 6 35% 2797 570 18%
c ]  1.03  0 14 25 4712  1 92579 8619 1.9 18 9 3 6 34% 2797 570 18%
c {  1.03  0 17 25 4712  3 92579 8619 1.9 16 8 2 3 37% 2797 570 18%
c s  1.05  0 17 25 5043  3 94372 10080 1.9 16 8 2 3 36% 2796 570 18%
c e  1.05  0 17 25 5043  3 94372 9980 1.9 16 8 2 3 36% 2794 568 18%
c s  1.06  0 17 25 5043  3 94372 9966 1.9 16 8 2 3 36% 2794 568 18%
c ^  1.06  0 17 25 5043  3 94372 9966 1.9 16 8 2 3 36% 2794 568 18%
c -  1.09  0 16 26 5285  3 97286 7387 1.9 16 8 2 3 35% 2794 568 18%
c u  1.09  0 16 26 5285  3 97286 7341 1.9 16 8 2 3 35% 2794 568 18%
c v  1.09  0 16 26 5285  3 97286 7337 1.9 16 8 2 3 35% 2794 568 18%
c 
c  seconds  reductions   conflicts       size  tier2     variables
c         MB     restarts     redundant     glue  trail      remaining
c          level       rate        size/glue tier1 irredundant
c 
c w  1.09  0 16 26 5285  3 97286 7337 1.9 16 8 2 3 35% 2794 568 18%
c W  1.18  0 16 26 5876  3 105026 13301 1.9 16 8 2 3 35% 2794 568 18%
c -  1.18  0 16 27 5876  3 105083 8304 1.9 16 8 2 3 35% 2794 568 18%
c u  1.19  0 16 27 5876  3 105083 8261 1.9 16 8 2 3 35% 2794 568 18%
c v  1.19  0 16 27 5876  3 105083 8251 1.9 16 8 2 3 35% 2794 568 18%
c w  1.19  0 16 27 5876  3 105083 8251 1.9 16 8 2 3 35% 2794 568 18%
c }  1.26  0 15 27 6478  3 111446 13223 1.9 16 8 2 3 34% 2794 568 18%
c [  1.26  0 14 27 6478  1 111446 13223 1.9 18 9 3 6 34% 2794 568 18%
c -  1.28  0 14 28 6479  1 113189 9011 1.9 18 10 3 6 34% 2794 568 18%
c u  1.28  0 14 28 6479  1 113189 8985 1.9 18 10 3 6 34% 2794 568 18%
c v  1.28  0 14 28 6479  1 113189 8975 1.9 18 10 3 6 34% 2794 568 18%
c w  1.28  0 14 28 6479  1 113189 8975 1.9 18 10 3 6 34% 2794 568 18%
c x  1.29  0 14 28 6479  1 113189 8975 1.9 18 10 3 6 34% 2794 568 18%
c I  1.36  0 14 28 6482  1 120028 14320 1.9 18 10 3 6 34% 2794 568 18%
c -  1.38  0 14 29 6483  1 121600 9396 1.9 18 10 3 6 34% 2794 568 18%
c u  1.38  0 14 29 6483  1 121600 9355 1.9 18 10 3 6 34% 2794 568 18%
c v  1.38  0 14 29 6483  1 121600 9343 1.9 18 10 3 6 34% 2794 568 18%
c s  1.45  0 13 29 6483  1 126552 12968 1.9 18 9 3 6 33% 2794 568 18%
c s  1.46  0 13 29 6483  1 126552 12945 1.9 18 9 3 6 33% 2794 568 18%
c ^  1.46  0 13 29 6483  1 126552 12945 1.9 18 9 3 6 33% 2794 568 18%
c 
c  seconds  reductions   conflicts         size  tier2     variables
c         MB     restarts       redundant     glue  trail      remaining
c          level       rate          size/glue tier1 irredundant
c 
c ]  1.49  0 13 29 6484  1 129376 14964 1.9 18 9 3 6 33% 2794 568 18%
c {  1.49  0 15 29 6484  3 129376 14964 1.9 16 8 2 3 34% 2794 568 18%
c -  1.51  0 15 30 6654  3 130318 9771 1.9 16 8 2 3 34% 2794 568 18%
c u  1.51  0 15 30 6654  3 130318 9702 1.9 16 8 2 3 34% 2794 568 18%
c v  1.51  0 15 30 6654  3 130318 9693 1.9 16 8 2 3 34% 2794 568 18%
c w  1.51  0 15 30 6654  3 130318 9693 1.9 16 8 2 3 34% 2794 568 18%
c #  1.57  0 15 30 6824  3 136029 13747 1.9 16 8 2 3 34% 2794 568 18%
c -  1.62  0 15 31 7155  3 139343 10463 1.9 16 8 2 3 34% 2794 568 18%
c u  1.63  0 15 31 7155  3 139343 10425 1.9 16 8 2 3 34% 2794 568 18%
c v  1.63  0 15 31 7155  3 139343 10423 1.9 16 8 2 3 34% 2794 568 18%
c -  1.75  0 14 32 7916  2 148675 11150 1.9 16 8 2 3 34% 2794 568 18%
c u  1.75  0 14 32 7916  2 148675 11094 1.9 16 8 2 3 34% 2794 568 18%
c v  1.75  0 14 32 7916  2 148675 11081 1.9 16 8 2 3 34% 2794 568 18%
c w  1.75  0 14 32 7916  2 148675 11081 1.9 16 8 2 3 34% 2794 568 18%
c }  1.77  0 14 32 8157  2 150455 12434 1.9 16 8 2 3 33% 2794 568 18%
c [  1.77  0 13 32 8157  1 150455 12434 1.9 18 9 3 6 33% 2794 568 18%
c B  1.80  0 13 32 8157  1 153030 14296 1.9 18 9 3 6 33% 2794 568 18%
c -  1.87  0 13 33 8157  1 158314 11278 1.9 18 9 3 6 32% 2794 568 18%
c u  1.88  0 13 33 8157  1 158314 11193 1.9 18 9 3 6 32% 2794 568 18%
c v  1.88  0 13 33 8157  1 158314 11178 1.9 18 9 3 6 32% 2794 568 18%
c 
c  seconds  reductions   conflicts         size  tier2     variables
c         MB     restarts       redundant     glue  trail      remaining
c          level       rate          size/glue tier1 irredundant
c 
c w  1.88  0 13 33 8157  1 158314 11178 1.9 18 9 3 6 32% 2794 568 18%
c s  1.95  0 13 33 8157  1 163326 13984 1.9 17 9 3 6 32% 2794 568 18%
c e  1.95  0 13 33 8157  1 163326 11898 1.9 17 9 3 6 32% 3147 463 15%
c s  1.96  0 13 33 8157  1 163326 11848 1.9 17 9 3 6 32% 3135 463 15%
c e  1.96  0 13 33 8157  1 163326 11412 1.9 17 9 3 6 32% 3138 462 15%
c -  2.02  0 13 34 8159  1 168263 9468 1.9 17 9 3 6 27% 3138 462 15%
c p  2.02  0 13 34 8159  1 168263 9468 1.9 17 9 3 6 27% 3138 462 15%
c u  2.02  0 13 34 8159  1 168263 9435 1.9 17 9 3 6 27% 3138 462 15%
c v  2.02  0 13 34 8159  1 168263 9426 1.9 17 9 3 6 27% 3138 462 15%
c f  2.03  0 13 34 8159  1 168263 9423 1.9 17 9 3 6 27% 3113 467 15%
c W  2.08  0 12 34 8160  1 171032 11470 1.9 17 9 3 6 27% 3113 467 15%
c ]  2.09  0 12 34 8161  1 171539 11793 1.9 17 9 3 6 27% 3113 467 15%
c {  2.09  0 14 34 8161  2 171539 11793 1.9 16 8 2 3 41% 3113 467 15%
c i  2.16  0 14 34 8381  2 177510 15434 1.9 15 8 2 3 39% 3113 466 15%
c -  2.17  0 14 35 8404  2 178517 9046 1.9 15 8 2 3 39% 3035 466 15%
c p  2.18  0 14 35 8404  2 178517 8998 1.9 15 8 2 3 39% 3023 461 15%
c u  2.18  0 14 35 8404  2 178517 8912 1.9 15 8 2 3 39% 3019 461 15%
c v  2.18  0 14 35 8404  2 178517 8898 1.9 15 8 2 3 39% 3019 461 15%
c f  2.18  0 14 35 8404  2 178517 8880 1.9 15 8 2 3 39% 3028 462 15%
c i  2.19  0 14 35 8443  2 179686 9600 1.9 15 8 2 3 39% 3028 461 15%
c 
c  seconds  reductions   conflicts         size  tier2     variables
c         MB     restarts       redundant     glue  trail      remaining
c          level       rate          size/glue tier1 irredundant
c 
c i  2.21  0 13 35 8452  2 181908 10910 1.9 15 8 2 3 38% 3028 460 15%
c i  2.28  0 13 35 8486  2 187572 14794 1.9 15 8 2 3 37% 3028 459 15%
c i  2.29  0 13 35 8492  2 188893 15528 1.9 15 8 2 3 37% 3028 457 15%
c i  2.30  0 13 35 8492  2 188988 15567 1.9 15 8 2 3 37% 3028 435 14%
c -  2.30  0 13 36 8492  2 189080 5411 1.9 15 8 2 3 37% 2394 435 14%
c 2  2.30  0 13 36 8492  2 189080 5389 1.9 15 8 2 3 37% 2384 435 14%
c d  2.30  0 13 36 8492  2 189080 5241 1.9 15 8 2 3 37% 2314 403 13%
c p  2.30  0 13 36 8492  2 189080 5330 1.9 15 8 2 3 37% 2314 390 12%
c 2  2.30  0 13 36 8492  2 189080 5330 1.9 15 8 2 3 37% 2303 390 12%
c u  2.30  0 13 36 8492  2 189080 5031 1.9 15 8 2 3 37% 2263 390 12%
c v  2.30  0 13 36 8492  2 189080 4972 1.9 15 8 2 3 37% 2263 390 12%
c t  2.30  0 13 36 8492  2 189080 4967 1.9 15 8 2 3 37% 2263 390 12%
c f  2.31  0 13 36 8492  2 189080 4959 1.9 15 8 2 3 37% 2224 394 13%
c i  2.31  0 13 36 8492  2 189410 5125 1.9 15 8 2 3 37% 2224 393 12%
c i  2.31  0 13 36 8492  2 189609 5237 1.9 15 8 2 3 37% 2224 387 12%
c i  2.31  0 13 36 8492  2 189612 5239 1.9 15 8 2 3 37% 2224 381 12%
c i  2.31  0 13 36 8492  2 189693 5289 1.9 15 8 2 3 37% 2224 378 12%
c }  2.31  0 13 36 8492  2 189702 5292 1.9 15 8 2 3 37% 2224 337 11%
c 0  2.31  0 13 36 8492  2 189702 5292 1.9 15 8 2 3 37% 2224 337 11%
c 
c --- [ closing proof ] ------------------------------------------------------
c 
c DRAT proof file 'artifacts/refutations/binary_normalization/2026-09-22/q2_n10_k1_c5_d9.drat' closed
c DRAT 215764 added clauses 49.72%
c DRAT 218172 deleted clauses 50.28%
c DRAT 11506071 bytes (10.97 MB)
c 
c --- [ result ] -------------------------------------------------------------
c 
s UNSATISFIABLE
c 
c --- [ run-time profiling ] -------------------------------------------------
c 
c process time taken by individual solving procedures
c (percentage relative to process time for solving)
c 
c         2.11   91.47% search
c         1.10   47.78% unstable
c         0.97   41.88% stable
c         0.20    8.50% simplify
c         0.07    2.89% vivify
c         0.06    2.41% subsume
c         0.04    1.80% walk
c         0.02    0.90% sweep
c         0.02    0.67% factor
c         0.01    0.47% elim
c         0.01    0.41% congruence
c         0.01    0.38% preprocess
c         0.00    0.13% ternary
c         0.00    0.13% probe
c         0.00    0.08% fastelim
c         0.00    0.07% parse
c         0.00    0.05% backbone
c         0.00    0.01% lucky
c   =================================
c         2.31   99.91% solve
c 
c last line shows process time for solving
c (percentage relative to total process time)
c 
c --- [ statistics ] ---------------------------------------------------------
c 
c chronological:             38383        20.23 %  of conflicts
c conflicts:                189702     82121.01    per second
c backbone:                  82565      2576.94 %  of vars
c decisions:                342578    148300.24    per second
c eliminated:                 1311        40.92 %  of all variables
c factored:                     59        12.47 %  of variables
c fixed:                       759        23.69 %  of all variables
c learned:                  185857        97.97 %  per conflict
c learned_lits:            4968179       100.00 %  learned literals
c minimized:                     0         0.00 %  learned literals
c shrunken:                1432348        28.83 %  learned literals
c minishrunken:             513231        10.33 %  learned literals
c otfs:                       1394         0.73 %  of conflict
c propagations:            8197256         3.55 M  per second
c reduced:                  115070        60.66 %  per conflict
c rephased:                     18     10539.00    interval
c restarts:                   8492        22.34    interval
c stabilizing:                   8        46.09 %  of conflicts
c substituted:                 797        24.88 %  of all variables
c subsumed:                  45557        22.02 %  of all clauses
c strengthened:               6001         2.90 %  of all clauses
c ticks:                 154120266        19.30    propagation
c vivified:                   1770         0.86 %  of all clauses
c walked:                        5     37940.40    interval
c weakened:                   7862         2.38    average size
c congruence:                   10     18970.20    interval
c 
c seconds are measured in process time for solving
c 
c --- [ glue usage ] ---------------------------------------------------------
c 
c focused glue 2 used 175035 clauses 27.15% accumulated 62.43% tier1
c focused glue 3 used 83599 clauses 12.97% accumulated 75.41% tier2
c 
c stable glue 3 used 88673 clauses 12.89% accumulated 69.98% tier1
c stable glue 4 used 39891 clauses 5.799% accumulated 75.78%
c stable glue 5 used 30767 clauses 4.473% accumulated 80.25%
c stable glue 6 used 26104 clauses 3.795% accumulated 84.05% tier2
c 
c 
c --- [ resources ] ----------------------------------------------------------
c 
c total process time since initialization:         2.31    seconds
c total real time since initialization:            2.32    seconds
c maximum resident set size of process:        19312.00    MB
c 
c --- [ shutting down ] ------------------------------------------------------
c 
c exit 20
