c --- [ banner ] -------------------------------------------------------------
c 
c CaDiCaL SAT Solver
c Copyright (c) 2016-2025
c A. Biere, M. Fleury, N. Froleyks, K. Fazekas, F. Pollitt, T. Faller
c JKU Linz, University of Freiburg, TU Wien
c 
c Version 3.0.0 7b99c07f0bcab5824a5a3ce62c7066554017f641
c Apple clang version 21.0.0 (clang-2100.0.123.102) -Wall -Wextra -O3 -DNDEBUG -DNCLOSEFROM
c Mon Sep 21 22:38:01 KST 2026 Darwin Institutes-Mac-Studio.local 25.6.0 arm64
c 
c --- [ proof tracing ] ------------------------------------------------------
c 
c opening file to write 'artifacts/refutations/binary_normalization/2026-09-22/q2_n8_k1_c3_d7.drat'
c writing binary proof trace to 'artifacts/refutations/binary_normalization/2026-09-22/q2_n8_k1_c3_d7.drat'
c 
c --- [ parsing input ] ------------------------------------------------------
c 
c reading DIMACS file from 'artifacts/refutations/binary_normalization/2026-09-22/q2_n8_k1_c3_d7.cnf'
c opening file to read 'artifacts/refutations/binary_normalization/2026-09-22/q2_n8_k1_c3_d7.cnf'
c found 'p cnf 2513 8633' header
c parsed 8633 clauses in 0.00 seconds process time
c 
c --- [ options ] ------------------------------------------------------------
c 
c all options are set to their default value
c 
c --- [ solving ] ------------------------------------------------------------
c 
c time measured in process time since initialization
c 
c  seconds  reduction conflicts       size tier2     variables
c         MB    restarts   redundant    glue  trail       remaining
c          level     rate       size/glu tier1 irredundant
c 
c *  0.00  0  0 0   0  0    0    0 0.0 0 0 2 6  0% 7768 1997 79%
c (  0.00  0  0 0   0  0    0    0 0.0 0 0 2 6  0% 7768 1997 79%
c .  0.00  0  0 0   0  0    0    0 0.0 0 0 2 6  0% 5928 1997 79%
c c  0.00  0  0 0   0  0    0    0 0.0 0 0 2 6  0% 6464 1997 79%
c d  0.00  0  0 0   0  0    0    0 0.0 0 0 2 6  0% 4686 1456 58%
c e  0.01  0  0 0   0  0    0    0 0.0 0 0 2 6  0% 3003 630 25%
c P  0.01  0  0 0   0  0    0    0 0.0 0 0 2 6  0% 3003 630 25%
c )  0.01  0  0 0   0  0    0    0 0.0 0 0 2 6  0% 3003 630 25%
c {  0.01  0  0 0   0  0    0    0 0.0 0 0 2 6  0% 3003 630 25%
c -  0.01  0 152 1   5  7  301  193 1.6 11 7 2 6 35% 3003 630 25%
c -  0.01  0 69 2  17  4  734  525 1.7 9 5 2 6 29% 3003 630 25%
c }  0.01  0 54 2  31  4 1001  750 1.7 9 5 2 6 28% 3003 630 25%
c [  0.01  0  0 2  31  0 1001  750 0.0 0 0 2 6  0% 3003 630 25%
c O  0.01  0 20 2  31 21 1002  751 1.9 17 9 2 6 23% 3003 630 25%
c -  0.02  0 23 3  31  1 1411  776 1.3 16 13 2 6 24% 3003 630 25%
c ]  0.02  0 19 3  31  1 1878 1160 1.7 16 10 2 6 27% 3004 630 25%
c {  0.02  0 54 3  31  4 1878 1160 1.7 9 5 2 6 28% 3004 630 25%
c -  0.02  0 43 4 126  4 2351 1118 1.6 10 6 2 6 28% 3004 630 25%
c i  0.02  0 40 4 136  4 2472 1205 1.7 10 6 2 6 28% 3004 627 25%
c O  0.03  0 35 4 245  4 3004 1681 1.6 11 6 2 6 30% 3004 627 25%
c 
c  seconds  reduction conflicts       size  tier2     variables
c         MB    restarts   redundant     glue  trail      remaining
c          level     rate       size/glue tier1 irredundant
c 
c -  0.03  0 31 5 307  4 3563 1447 1.7 11 6 2 6 29% 2941 627 25%
c s  0.03  0 30 5 361  4 3922 1773 1.7 11 7 2 6 29% 2933 627 25%
c t  0.03  0 30 5 361  4 3922 1773 1.7 11 7 2 6 29% 2928 627 25%
c e  0.04  0 30 5 361  4 3922 1462 1.7 11 7 2 6 29% 2876 586 23%
c s  0.04  0 30 5 361  4 3922 1406 1.7 11 7 2 6 29% 2874 586 23%
c }  0.04  0 30 5 371  4 3975 1456 1.7 11 7 2 6 29% 2874 586 23%
c [  0.04  0 19 5 371  1 3975 1456 1.7 16 10 2 6 106% 2874 586 23%
c p  0.04  0 19 5 371  1 4013 1495 1.7 16 10 2 6 102% 2874 586 23%
c f  0.04  0 19 5 371  1 4013 1495 1.7 16 10 2 6 100% 2860 598 24%
c -  0.05  0 17 6 372  1 5055 1766 1.7 15 9 3 6 60% 2860 598 24%
c I  0.05  0 15 6 373  1 6005 2505 1.8 15 9 4 6 48% 2860 598 24%
c p  0.06  0 15 6 373  1 6616 2970 1.7 15 9 4 6 44% 2860 598 24%
c c  0.06  0 15 6 373  1 6616 2970 1.7 15 9 4 6 44% 2855 598 24%
c t  0.06  0 15 6 373  1 6616 2969 1.7 15 9 4 6 44% 2844 594 24%
c f  0.06  0 15 6 373  1 6616 2969 1.7 15 9 4 6 44% 2840 598 24%
c ]  0.06  0 15 6 373  1 6750 3059 1.7 15 9 4 6 43% 2840 598 24%
c {  0.06  0 30 6 373  4 6750 3059 1.7 11 7 2 6 29% 2840 598 24%
c -  0.06  0 29 7 391  4 6835 2119 1.7 11 7 2 6 29% 2840 598 24%
c i  0.07  0 26 7 667  4 8222 3339 1.7 12 7 3 4 29% 2840 597 24%
c -  0.08  0 25 8 828  4 8905 2287 1.7 13 8 3 4 29% 2785 597 24%
c 
c  seconds  reduction conflicts       size  tier2     variables
c         MB    restarts   redundant     glue  trail      remaining
c          level     rate       size/glue tier1 irredundant
c 
c p  0.08  0 24 8 848  4 9313 2632 1.7 13 8 3 4 29% 2735 571 23%
c c  0.08  0 24 8 848  4 9313 2632 1.7 13 8 3 4 29% 2732 571 23%
c u  0.08  0 24 8 848  4 9313 2588 1.7 13 8 3 4 29% 2700 568 23%
c v  0.09  0 24 8 848  4 9313 2582 1.7 13 8 3 4 29% 2700 568 23%
c w  0.09  0 24 8 848  4 9313 2578 1.7 13 8 3 4 29% 2700 568 23%
c x  0.09  0 24 8 848  4 9313 2578 1.7 13 8 3 4 29% 2698 568 23%
c t  0.09  0 24 8 848  4 9313 2577 1.7 13 8 3 4 29% 2694 568 23%
c #  0.09  0 23 8 929  4 10008 3214 1.8 13 8 3 4 29% 2694 568 23%
c }  0.10  0 21 8 951  4 10956 3912 1.8 14 7 3 4 29% 2694 568 23%
c [  0.10  0 15 8 951  1 10956 3912 1.7 15 9 4 6 43% 2694 568 23%
c -  0.10  0 14 9 951  1 11265 2590 1.7 15 9 4 6 42% 2694 568 23%
c t  0.11  0 13 9 952  1 12098 3091 1.8 15 8 4 6 38% 2694 568 23%
c s  0.12  0 13 9 953  1 13099 3738 1.8 15 8 4 6 36% 2690 568 23%
c t  0.12  0 13 9 953  1 13099 3738 1.8 15 8 4 6 36% 2689 568 23%
c e  0.12  0 13 9 953  1 13099 3684 1.8 15 8 4 6 36% 2686 565 22%
c s  0.12  0 13 9 953  1 13099 3660 1.8 15 8 4 6 36% 2686 565 22%
c ^  0.12  0 13 9 953  1 13099 3660 1.8 15 8 4 6 36% 2686 565 22%
c -  0.13  0 13 10 954  1 13919 2696 1.8 15 8 4 6 34% 2686 565 22%
c t  0.13  0 13 10 954  1 14964 3479 1.9 16 8 4 6 32% 2684 565 22%
c B  0.14  0 13 10 954  1 15009 3520 1.9 16 9 4 6 32% 2684 565 22%
c 
c  seconds  reductions  conflicts       size  tier2     variables
c         MB     restarts    redundant     glue  trail      remaining
c          level      rate        size/glue tier1 irredundant
c 
c ]  0.15  0 13 10 955  1 16776 5051 1.9 17 9 4 6 31% 2684 565 22%
c {  0.15  0 21 10 955  4 16776 5051 1.8 14 7 3 4 29% 2684 565 22%
c -  0.15  0 21 11 973  4 16868 3012 1.8 14 8 3 4 29% 2684 565 22%
c p  0.16  0 19 11 982  3 17904 3777 1.9 14 7 3 4 28% 2684 565 22%
c u  0.16  0 19 11 982  3 17904 3737 1.9 14 7 3 4 28% 2684 565 22%
c v  0.16  0 19 11 982  3 17904 3723 1.9 14 7 3 4 28% 2684 565 22%
c w  0.16  0 19 11 982  3 17904 3723 1.9 14 7 3 4 28% 2684 565 22%
c -  0.18  0 18 12 1235  3 20115 3512 1.9 14 8 3 4 27% 2684 565 22%
c B  0.19  0 17 12 1326  3 21010 4171 1.9 14 8 3 4 27% 2684 565 22%
c -  0.21  0 16 13 1446  3 23660 4292 1.9 14 7 3 4 27% 2684 565 22%
c u  0.22  0 16 13 1471  3 23991 4581 1.9 14 8 3 4 27% 2684 565 22%
c v  0.22  0 16 13 1471  3 23991 4577 1.9 14 8 3 4 27% 2684 565 22%
c w  0.22  0 16 13 1471  3 23991 4575 1.9 14 8 3 4 27% 2684 565 22%
c }  0.22  0 16 13 1572  3 24382 4899 1.9 14 8 3 4 27% 2684 565 22%
c [  0.22  0 13 13 1572  1 24382 4899 1.9 17 9 4 6 31% 2684 565 22%
c s  0.24  0 12 13 1572  1 26594 6260 1.9 16 8 4 6 29% 2684 565 22%
c e  0.24  0 12 13 1572  1 26594 5183 1.9 16 8 4 6 29% 2706 542 22%
c s  0.25  0 12 13 1572  1 26594 5158 1.9 16 8 4 6 29% 2696 542 22%
c -  0.26  0 12 14 1572  1 27505 4068 1.9 16 8 4 6 25% 2696 542 22%
c p  0.26  0 12 14 1572  1 27505 4079 1.9 16 8 4 6 25% 2696 542 22%
c 
c  seconds  reductions   conflicts       size  tier2     variables
c         MB     restarts     redundant     glue  trail      remaining
c          level       rate        size/glue tier1 irredundant
c 
c W  0.27  0 12 14 1573  1 28012 4465 1.9 16 8 4 6 25% 2696 542 22%
c -  0.30  0 12 15 1575  1 31651 4765 2.0 16 8 4 6 25% 2696 542 22%
c p  0.30  0 12 15 1575  1 31651 4774 2.0 16 8 4 6 25% 2696 542 22%
c u  0.30  0 12 15 1575  1 31651 4737 2.0 16 8 4 6 25% 2696 542 22%
c v  0.30  0 12 15 1575  1 31651 4728 2.0 16 8 4 6 25% 2696 542 22%
c w  0.30  0 12 15 1575  1 31651 4728 2.0 16 8 4 6 25% 2696 542 22%
c ]  0.31  0 12 15 1576  1 32354 5277 2.0 17 8 4 6 25% 2696 542 22%
c {  0.31  0 16 15 1576  3 32354 5277 1.9 14 8 3 4 32% 2696 542 22%
c W  0.34  0 15 15 1866  3 36015 7943 1.9 14 8 3 4 30% 2696 542 22%
c -  0.34  0 15 16 1866  2 36098 5375 1.9 14 8 3 4 30% 2696 542 22%
c p  0.34  0 15 16 1866  2 36098 5390 1.9 14 8 3 4 30% 2696 542 22%
c i  0.38  0 13 16 1877  2 40343 7753 1.9 14 7 3 4 29% 2696 538 21%
c -  0.38  0 13 17 1924  2 40848 4009 1.9 14 7 3 4 29% 2573 538 21%
c p  0.38  0 13 17 1924  2 40848 4017 1.9 14 7 3 4 29% 2477 489 19%
c u  0.38  0 13 17 1924  2 40848 3956 1.9 14 7 3 4 29% 2429 489 19%
c v  0.38  0 13 17 1924  2 40848 3934 1.9 14 7 3 4 29% 2429 489 19%
c w  0.38  0 13 17 1924  2 40848 3934 1.9 14 7 3 4 29% 2429 489 19%
c f  0.38  0 13 17 1924  2 40848 3934 1.9 14 7 3 4 29% 2425 491 20%
c }  0.40  0 13 17 2122  2 43295 5656 1.9 14 7 3 4 28% 2425 491 20%
c [  0.40  0 12 17 2122  1 43295 5656 2.0 17 8 4 6 25% 2425 491 20%
c 
c  seconds  reductions   conflicts       size  tier2     variables
c         MB     restarts     redundant     glue  trail      remaining
c          level       rate        size/glue tier1 irredundant
c 
c O  0.42  0 12 17 2124  1 45016 6896 2.0 16 8 4 6 24% 2425 491 20%
c s  0.42  0 12 17 2124  1 45110 6727 2.0 16 8 4 6 24% 2424 491 20%
c e  0.43  0 12 17 2124  1 45110 5989 2.0 16 8 4 6 24% 2418 486 19%
c s  0.43  0 12 17 2124  1 45110 5947 2.0 16 8 4 6 24% 2417 486 19%
c -  0.44  0 12 18 2124  1 45901 4494 2.0 16 8 4 6 24% 2417 486 19%
c p  0.44  0 12 18 2124  1 45901 4506 2.0 16 8 4 6 24% 2417 486 19%
c c  0.44  0 12 18 2124  1 45901 4506 2.0 16 8 4 6 24% 2407 486 19%
c d  0.44  0 12 18 2124  1 45901 4505 2.0 16 8 4 6 24% 2397 481 19%
c 2  0.44  0 12 18 2124  1 45901 4504 2.0 16 8 4 6 24% 2397 481 19%
c t  0.44  0 12 18 2124  1 45901 4503 2.0 16 8 4 6 24% 2397 481 19%
c i  0.46  0 11 18 2125  1 48284 5986 2.0 16 8 4 6 24% 2397 479 19%
c -  0.49  0 11 19 2126  1 51257 4436 2.0 16 8 4 6 23% 2276 479 19%
c d  0.49  0 11 19 2126  1 51257 4426 2.0 16 8 4 6 23% 2224 453 18%
c u  0.49  0 11 19 2126  1 51257 4381 2.0 16 8 4 6 23% 2224 453 18%
c v  0.49  0 11 19 2126  1 51257 4358 2.0 16 8 4 6 23% 2224 453 18%
c w  0.49  0 11 19 2126  1 51257 4358 2.0 16 8 4 6 23% 2224 453 18%
c x  0.49  0 11 19 2126  1 51257 4356 2.0 16 8 4 6 23% 2224 453 18%
c ]  0.52  0 11 19 2126  1 54633 6472 2.0 15 8 4 6 23% 2224 453 18%
c {  0.52  0 13 19 2126  2 54633 6472 1.9 14 7 3 4 28% 2224 453 18%
c F  0.52  0 13 19 2166  2 55018 6753 1.9 14 7 3 4 28% 2224 453 18%
c 
c  seconds  reductions   conflicts       size  tier2     variables
c         MB     restarts     redundant     glue  trail      remaining
c          level       rate        size/glue tier1 irredundant
c 
c -  0.54  0 12 20 2203  2 56919 5795 1.9 14 7 3 4 28% 2224 453 18%
c p  0.54  0 12 20 2203  2 56919 5795 1.9 14 7 3 4 28% 2224 453 18%
c c  0.54  0 12 20 2203  2 56919 5795 1.9 14 7 3 4 28% 2222 453 18%
c i  0.56  0 12 20 2223  2 58933 7009 1.9 14 7 3 4 28% 2220 451 18%
c i  0.57  0 12 20 2229  2 59911 7614 1.9 14 7 3 4 28% 2220 449 18%
c i  0.57  0 12 20 2229  2 60398 7952 2.0 14 7 3 4 27% 2220 448 18%
c i  0.58  0 12 20 2229  2 60744 8122 2.0 13 7 3 4 27% 2220 446 18%
c i  0.58  0 12 20 2229  2 60810 8137 1.9 13 7 3 4 27% 2220 444 18%
c i  0.58  0 12 20 2229  2 60952 3007 2.0 13 7 3 4 25% 1898 441 18%
c i  0.58  0 12 20 2229  2 60965 3011 2.0 13 7 3 4 25% 1898 418 17%
c i  0.58  0 12 20 2229  2 60967 3012 2.0 13 7 3 4 25% 1898 417 17%
c i  0.58  0 12 20 2229  2 60968 3012 2.0 13 7 3 4 25% 1898 367 15%
c }  0.58  0 12 20 2229  2 60971 3012 2.0 13 7 3 4 25% 1898 360 14%
c 0  0.58  0 12 20 2229  2 60971 3012 2.0 13 7 3 4 25% 1898 360 14%
c 
c --- [ closing proof ] ------------------------------------------------------
c 
c DRAT proof file 'artifacts/refutations/binary_normalization/2026-09-22/q2_n8_k1_c3_d7.drat' closed
c DRAT 78953 added clauses 49.04%
c DRAT 82057 deleted clauses 50.96%
c DRAT 3339370 bytes (3.18 MB)
c 
c --- [ result ] -------------------------------------------------------------
c 
s UNSATISFIABLE
c 
c --- [ run-time profiling ] -------------------------------------------------
c 
c process time taken by individual solving procedures
c (percentage relative to process time for solving)
c 
c         0.51   88.62% search
c         0.27   46.45% unstable
c         0.24   41.22% stable
c         0.07   11.31% simplify
c         0.02    2.92% subsume
c         0.01    2.17% vivify
c         0.01    1.45% sweep
c         0.01    1.33% factor
c         0.01    1.31% congruence
c         0.01    1.17% preprocess
c         0.01    0.91% walk
c         0.00    0.76% elim
c         0.00    0.23% fastelim
c         0.00    0.20% parse
c         0.00    0.13% probe
c         0.00    0.12% ternary
c         0.00    0.09% backbone
c         0.00    0.03% lucky
c   =================================
c         0.58   99.58% solve
c 
c last line shows process time for solving
c (percentage relative to total process time)
c 
c --- [ statistics ] ---------------------------------------------------------
c 
c chronological:             10122        16.60 %  of conflicts
c conflicts:                 60971    105561.22    per second
c backbone:                  45398      1793.68 %  of vars
c decisions:                 97197    168280.56    per second
c eliminated:                  898        35.48 %  of all variables
c factored:                     18         4.04 %  of variables
c fixed:                       618        24.42 %  of all variables
c learned:                   59490        97.57 %  per conflict
c learned_lits:            1344244       100.00 %  learned literals
c minimized:                     0         0.00 %  learned literals
c shrunken:                 373367        27.78 %  learned literals
c minishrunken:             121418         9.03 %  learned literals
c otfs:                        756         1.24 %  of conflict
c propagations:            2159040         3.74 M  per second
c reduced:                   27305        44.78 %  per conflict
c rephased:                     10      6097.10    interval
c restarts:                   2229        27.35    interval
c stabilizing:                   5        46.86 %  of conflicts
c substituted:                 655        25.88 %  of all variables
c subsumed:                  16363        22.17 %  of all clauses
c strengthened:               3617         4.90 %  of all clauses
c ticks:                  33580464        15.87    propagation
c vivified:                    433         0.59 %  of all clauses
c walked:                        2     30485.50    interval
c weakened:                   5712         2.37    average size
c congruence:                    9      6774.56    interval
c 
c seconds are measured in process time for solving
c 
c --- [ glue usage ] ---------------------------------------------------------
c 
c focused glue 3 used 28657 clauses 18.49% accumulated 66.86% tier1
c focused glue 4 used 17185 clauses 11.09% accumulated 77.95% tier2
c 
c stable glue 4 used 17309 clauses 10.41% accumulated 73.35% tier1
c stable glue 5 used 10929 clauses 6.576% accumulated 79.93%
c stable glue 6 used 9037 clauses 5.437% accumulated 85.37% tier2
c 
c 
c --- [ resources ] ----------------------------------------------------------
c 
c total process time since initialization:         0.58    seconds
c total real time since initialization:            0.59    seconds
c maximum resident set size of process:        13024.00    MB
c 
c --- [ shutting down ] ------------------------------------------------------
c 
c exit 20
