c --- [ banner ] -------------------------------------------------------------
c 
c CaDiCaL SAT Solver
c Copyright (c) 2016-2025
c A. Biere, M. Fleury, N. Froleyks, K. Fazekas, F. Pollitt, T. Faller
c JKU Linz, University of Freiburg, TU Wien
c 
c Version 3.0.0 7b99c07f0bcab5824a5a3ce62c7066554017f641
c Apple clang version 21.0.0 (clang-2100.0.123.102) -Wall -Wextra -O3 -DNDEBUG -DNCLOSEFROM
c Mon Sep 21 22:38:01 KST 2026 Darwin Institutes-Mac-Studio.local 25.6.0 arm64
c 
c --- [ parsing input ] ------------------------------------------------------
c 
c reading DIMACS file from 'artifacts/refutations/binary_normalization/2026-09-22/q2_n6_k1_c2_d5.cnf'
c opening file to read 'artifacts/refutations/binary_normalization/2026-09-22/q2_n6_k1_c2_d5.cnf'
c found 'p cnf 950 3144' header
c parsed 3144 clauses in 0.00 seconds process time
c 
c --- [ options ] ------------------------------------------------------------
c 
c all options are set to their default value
c 
c --- [ solving ] ------------------------------------------------------------
c 
c time measured in process time since initialization
c 
c  seconds  reduction conflicts       size tier2     variables
c         MB    restarts   redundant    glue  trail      remaining
c          level     rate       size/glu tier1 irredundant
c 
c *  0.00  0  0 0   0  0    0    0 0.0 0 0 2 6  0% 2781 765 81%
c (  0.00  0  0 0   0  0    0    0 0.0 0 0 2 6  0% 2781 765 81%
c .  0.00  0  0 0   0  0    0    0 0.0 0 0 2 6  0% 2192 765 81%
c c  0.00  0  0 0   0  0    0    0 0.0 0 0 2 6  0% 2378 765 81%
c d  0.00  0  0 0   0  0    0    0 0.0 0 0 2 6  0% 1736 561 59%
c =  0.00  0  0 0   0  0    0    0 0.0 0 0 2 6  0% 1736 551 58%
c e  0.00  0  0 0   0  0    0    0 0.0 0 0 2 6  0% 1169 244 26%
c P  0.01  0  0 0   0  0    0    0 0.0 0 0 2 6  0% 1169 244 26%
c )  0.01  0  0 0   0  0    0    0 0.0 0 0 2 6  0% 1169 244 26%
c {  0.01  0  0 0   0  0    0    0 0.0 0 0 2 6  0% 1169 244 26%
c -  0.01  0 151 1   2  3  301  216 1.9 11 6 2 6 43% 1169 244 26%
c }  0.01  0 88 1   2  2  540  393 1.8 9 5 2 6 37% 1169 244 26%
c 1  0.01  0 88 1   2  2  540  393 1.8 9 5 2 6 37% 1169 244 26%
c 
c --- [ result ] -------------------------------------------------------------
c 
s SATISFIABLE
v -1 2 -3 4 -5 -6 -7 -8 -9 -10 -11 -12 -13 14 -15 16 -17 -18 -19 20 -21 -22
v -23 24 -25 -26 -27 -28 -29 30 -31 -32 -33 34 -35 -36 37 -38 39 -40 41 42 -43
v 44 45 -46 -47 -48 49 -50 51 52 -53 54 55 56 -57 -58 59 60 -61 -62 -63 -64
v -65 -66 -67 68 -69 -70 -71 72 -73 74 -75 76 -77 78 -79 -80 -81 82 -83 -84
v -85 86 -87 88 -89 90 -91 92 -93 94 -95 96 -97 -98 -99 -100 -101 -102 -103
v -104 -105 -106 -107 108 -109 -110 111 112 -113 -114 -115 116 -117 -118 119
v 120 -121 -122 -123 -124 -125 -126 -127 -128 -129 -130 -131 -132 -133 -134
v -135 -136 -137 -138 -139 -140 -141 -142 -143 -144 -145 -146 -147 -148 -149
v -150 -151 -152 -153 -154 -155 -156 -157 -158 -159 -160 -161 -162 -163 -164
v -165 -166 -167 168 -169 170 -171 -172 -173 -174 -175 -176 -177 -178 179 180
v -181 -182 -183 -184 -185 -186 -187 -188 -189 -190 191 -192 193 -194 -195
v -196 -197 -198 -199 -200 -201 202 203 -204 -205 -206 -207 -208 -209 -210
v -211 -212 -213 -214 -215 -216 -217 -218 -219 -220 -221 -222 -223 -224 -225
v -226 -227 -228 -229 -230 -231 -232 -233 -234 -235 -236 237 -238 239 -240
v -241 -242 -243 -244 -245 -246 -247 248 249 -250 -251 -252 -253 -254 -255
v -256 -257 -258 -259 260 -261 262 -263 -264 -265 266 -267 -268 -269 270 271
v 272 -273 -274 -275 -276 277 278 279 280 -281 -282 -283 -284 -285 -286 287
v -288 -289 -290 291 -292 -293 -294 -295 -296 -297 298 299 300 301 -302 -303
v -304 -305 -306 -307 -308 -309 -310 -311 -312 -313 -314 -315 -316 -317 -318
v -319 -320 -321 -322 -323 -324 -325 -326 -327 -328 -329 330 -331 332 -333
v -334 335 -336 -337 -338 -339 -340 341 342 -343 -344 -345 346 347 348 349 350
v -351 -352 -353 -354 -355 -356 -357 358 -359 -360 -361 362 -363 364 -365 366
v -367 368 -369 370 -371 372 -373 374 -375 -376 -377 -378 -379 380 -381 382
v -383 384 -385 386 -387 388 -389 390 -391 392 -393 -394 -395 396 -397 -398
v 399 -400 401 -402 403 -404 -405 406 407 408 -409 -410 411 412 413 414 415
v -416 -417 418 419 420 -421 -422 423 -424 425 -426 427 -428 -429 -430 431 432
v -433 434 435 436 437 438 439 -440 -441 -442 443 444 -445 446 447 448 449 450
v 451 452 -453 -454 455 -456 -457 458 459 -460 461 -462 463 464 -465 -466 467
v -468 -469 470 471 472 473 474 475 476 -477 478 479 -480 -481 -482 -483 -484
v -485 486 487 -488 489 -490 491 -492 493 494 -495 496 -497 -498 499 -500 501
v -502 503 -504 505 506 -507 -508 -509 510 511 -512 513 514 515 -516 517 -518
v -519 520 -521 -522 523 -524 525 526 527 -528 529 -530 -531 532 -533 -534 535
v 536 537 538 539 540 541 -542 -543 -544 -545 546 547 548 549 550 551 552 553
v -554 -555 556 -557 -558 559 560 561 -562 563 564 565 566 -567 -568 -569 570
v 571 572 573 -574 575 576 577 578 579 -580 581 582 -583 -584 585 586 -587 588
v 589 590 591 592 593 -594 -595 -596 597 598 -599 600 601 602 603 -604 605 606
v -607 -608 609 -610 -611 612 613 -614 615 616 617 -618 -619 -620 621 -622
v -623 624 625 -626 627 628 629 -630 -631 632 633 -634 -635 -636 637 -638 639
v -640 641 642 -643 644 645 -646 -647 -648 649 -650 651 652 653 -654 -655 656
v 657 658 -659 -660 661 662 663 664 665 666 667 -668 -669 -670 -671 -672 -673
v 674 675 676 677 678 -679 680 -681 -682 -683 -684 685 686 687 688 689 690 691
v -692 -693 -694 -695 -696 -697 698 699 700 701 702 703 -704 -705 -706 -707
v -708 -709 710 711 712 713 -714 715 716 -717 -718 -719 720 721 722 723 724
v 725 -726 727 728 -729 -730 -731 732 733 734 735 736 737 -738 739 740 -741
v -742 -743 744 745 746 747 748 749 -750 751 752 -753 -754 -755 756 757 758
v 759 760 761 762 763 -764 -765 -766 -767 -768 -769 770 -771 772 773 774 775
v 776 777 778 779 780 781 782 783 -784 785 786 787 788 -789 790 791 792 793
v 794 -795 796 797 798 799 800 801 802 803 804 805 806 807 -808 809 810 811
v 812 -813 814 815 816 817 818 819 -820 821 822 823 824 -825 826 827 828 829
v 830 -831 832 833 834 835 836 837 838 839 840 841 842 843 -844 845 846 847
v 848 -849 850 851 852 853 854 -855 856 857 858 859 860 861 862 863 864 865
v 866 867 868 -869 870 871 872 -873 -874 875 876 877 878 879 880 -881 882 883
v 884 -885 -886 887 888 889 890 891 892 -893 894 895 896 -897 -898 899 900 901
v 902 903 904 -905 906 907 908 -909 -910 911 912 913 914 915 916 917 918 -919
v 920 -921 -922 -923 -924 925 926 927 928 929 930 -931 932 -933 -934 -935 -936
v 937 938 939 940 941 942 -943 944 -945 -946 -947 -948 949 950 0
c 
c --- [ run-time profiling ] -------------------------------------------------
c 
c process time taken by individual solving procedures
c (percentage relative to process time for solving)
c 
c         0.00   67.46% preprocess
c         0.00   65.04% simplify
c         0.00   36.40% sweep
c         0.00   32.06% search
c         0.00   29.90% unstable
c         0.00    9.05% congruence
c         0.00    8.42% fastelim
c         0.00    7.52% parse
c         0.00    7.06% factor
c         0.00    2.02% lucky
c         0.00    0.58% subsume
c         0.00    0.52% backbone
c   =================================
c         0.01   90.86% solve
c 
c last line shows process time for solving
c (percentage relative to total process time)
c 
c --- [ statistics ] ---------------------------------------------------------
c 
c chronological:               191        35.37 %  of conflicts
c conflicts:                   540     82682.59    per second
c backbone:                   2537       267.05 %  of vars
c decisions:                  1699    260143.93    per second
c eliminated:                  307        32.32 %  of all variables
c fixed:                       185        19.47 %  of all variables
c learned:                     495        91.67 %  per conflict
c learned_lits:               5891       100.00 %  learned literals
c minimized:                     0         0.00 %  learned literals
c shrunken:                    739        12.54 %  learned literals
c minishrunken:                469         7.96 %  learned literals
c otfs:                         33         6.11 %  of conflict
c propagations:              13262         2.03 M  per second
c reduced:                      45         8.33 %  per conflict
c restarts:                      2       270.00    interval
c substituted:                 214        22.53 %  of all variables
c sweep equivs:                 10         4.12 %  of swept variables
c subsumed:                    153         3.09 %  of all clauses
c strengthened:                 33         0.67 %  of all clauses
c ticks:                    335098        25.27    propagation
c weakened:                   1980         2.28    average size
c congruence:                    1       540.00    interval
c 
c seconds are measured in process time for solving
c 
c --- [ glue usage ] ---------------------------------------------------------
c 
c focused glue 3 used 258 clauses 22.39% accumulated 54.68% tier1
c focused glue 4 used 109 clauses 9.461% accumulated 64.14%
c focused glue 5 used 135 clauses 11.71% accumulated 75.86% tier2
c 
c stable glue 2 used 0 clauses 0.000% accumulated 0.000% tier1
c stable glue 3 used 0 clauses 0.000% accumulated 0.000%
c stable glue 4 used 0 clauses 0.000% accumulated 0.000%
c stable glue 5 used 0 clauses 0.000% accumulated 0.000%
c stable glue 6 used 0 clauses 0.000% accumulated 0.000% tier2
c 
c 
c --- [ resources ] ----------------------------------------------------------
c 
c total process time since initialization:         0.01    seconds
c total real time since initialization:            0.01    seconds
c maximum resident set size of process:         4944.00    MB
c 
c --- [ shutting down ] ------------------------------------------------------
c 
c exit 10
