warning: manifest out of date: git revision of dependency 'mathlib' changed; use `lake update mathlib` to update it
Building CodingTheoryLib.Research.ICLR2027EAQECC.Comparator.Theorem1Challenge
warning: manifest out of date: git revision of dependency 'mathlib' changed; use `lake update mathlib` to update it
⚠ [8200/8201] Replayed CodingTheoryLib.Research.ICLR2027EAQECC.Definitions
warning: CodingTheoryLib/Research/ICLR2027EAQECC/Definitions.lean:60:34: Used `tac1 <;> tac2` where `(tac1; tac2)` would suffice

Note: This linter can be disabled with `set_option linter.unnecessarySeqFocus false`
warning: CodingTheoryLib/Research/ICLR2027EAQECC/Definitions.lean:68:34: Used `tac1 <;> tac2` where `(tac1; tac2)` would suffice

Note: This linter can be disabled with `set_option linter.unnecessarySeqFocus false`
⚠ [8201/8201] Replayed CodingTheoryLib.Research.ICLR2027EAQECC.Comparator.Theorem1Challenge
warning: CodingTheoryLib/Research/ICLR2027EAQECC/Comparator/Theorem1Challenge.lean:11:8: declaration uses `sorry`
Build completed successfully (8201 jobs).
Exporting #[ICLR2027EAQECC.Comparator.theorem1_exact_goal, propext, Quot.sound, Classical.choice, Nat.add, Nat.sub, Nat.mul, Nat.pow, Nat.gcd, Nat.div, Nat.mod, Nat.beq, Nat.ble, Nat.land, Nat.lor, Nat.xor, Nat.shiftLeft, Nat.shiftRight, String.ofList] from CodingTheoryLib.Research.ICLR2027EAQECC.Comparator.Theorem1Challenge
uncaught exception: process 'landrun' exited with code 1
stderr:
uncaught exception: unknown module prefix 'ICLR2027EAQECC'

No directory 'ICLR2027EAQECC' or file 'ICLR2027EAQECC.olean' in the search path entries:
<verification-root>/.lake/packages/Cli/.lake/build/lib/lean
<verification-root>/.lake/packages/batteries/.lake/build/lib/lean
<verification-root>/.lake/packages/Qq/.lake/build/lib/lean
<verification-root>/.lake/packages/aesop/.lake/build/lib/lean
<verification-root>/.lake/packages/proofwidgets/.lake/build/lib/lean
<verification-root>/.lake/packages/importGraph/.lake/build/lib/lean
<verification-root>/.lake/packages/LeanSearchClient/.lake/build/lib/lean
<verification-root>/.lake/packages/plausible/.lake/build/lib/lean
<verification-root>/.lake/packages/mathlib/.lake/build/lib/lean
<verification-root>/.lake/packages/repl/.lake/build/lib/lean
<verification-root>/.lake/build/lib/lean
<remote-home>/.elan/toolchains/leanprover--lean4---v4.29.0-rc6/lib/lean
<remote-home>/.elan/toolchains/leanprover--lean4---v4.29.0-rc6/lib/lean

Command exited with non-zero status 1
	Command being timed: "timeout 1800 lake env comparator CodingTheoryLib/Research/ICLR2027EAQECC/Comparator/Theorem1.json"
	User time (seconds): 9.56
	System time (seconds): 5.03
	Percent of CPU this job got: 83%
	Elapsed (wall clock) time (h:mm:ss or m:ss): 0:17.48
	Average shared text size (kbytes): 0
	Average unshared data size (kbytes): 0
	Average stack size (kbytes): 0
	Average total size (kbytes): 0
	Maximum resident set size (kbytes): 3383456
	Average resident set size (kbytes): 0
	Major (requiring I/O) page faults: 8
	Minor (reclaiming a frame) page faults: 218634
	Voluntary context switches: 67850
	Involuntary context switches: 24811
	Swaps: 0
	File system inputs: 33320
	File system outputs: 8
	Socket messages sent: 0
	Socket messages received: 0
	Signals delivered: 0
	Page size (bytes): 4096
	Exit status: 1
