warning: manifest out of date: git revision of dependency 'mathlib' changed; use `lake update mathlib` to update it
Building CodingTheoryLib.Research.ICLR2027EAQECC.Comparator.Theorem1Challenge
warning: manifest out of date: git revision of dependency 'mathlib' changed; use `lake update mathlib` to update it
⚠ [8200/8201] Replayed CodingTheoryLib.Research.ICLR2027EAQECC.Definitions
warning: CodingTheoryLib/Research/ICLR2027EAQECC/Definitions.lean:60:34: Used `tac1 <;> tac2` where `(tac1; tac2)` would suffice

Note: This linter can be disabled with `set_option linter.unnecessarySeqFocus false`
warning: CodingTheoryLib/Research/ICLR2027EAQECC/Definitions.lean:68:34: Used `tac1 <;> tac2` where `(tac1; tac2)` would suffice

Note: This linter can be disabled with `set_option linter.unnecessarySeqFocus false`
⚠ [8201/8201] Replayed CodingTheoryLib.Research.ICLR2027EAQECC.Comparator.Theorem1Challenge
warning: CodingTheoryLib/Research/ICLR2027EAQECC/Comparator/Theorem1Challenge.lean:11:8: declaration uses `sorry`
Build completed successfully (8201 jobs).
Exporting #[ICLR2027EAQECC.Comparator.theorem1_exact_goal, propext, Quot.sound, Classical.choice, Nat.add, Nat.sub, Nat.mul, Nat.pow, Nat.gcd, Nat.div, Nat.mod, Nat.beq, Nat.ble, Nat.land, Nat.lor, Nat.xor, Nat.shiftLeft, Nat.shiftRight, String.ofList] from CodingTheoryLib.Research.ICLR2027EAQECC.Comparator.Theorem1Challenge
Building CodingTheoryLib.Research.ICLR2027EAQECC.Comparator.Theorem1Solution
warning: manifest out of date: git revision of dependency 'mathlib' changed; use `lake update mathlib` to update it
⚠ [8200/8202] Replayed CodingTheoryLib.Research.ICLR2027EAQECC.Definitions
warning: CodingTheoryLib/Research/ICLR2027EAQECC/Definitions.lean:60:34: Used `tac1 <;> tac2` where `(tac1; tac2)` would suffice

Note: This linter can be disabled with `set_option linter.unnecessarySeqFocus false`
warning: CodingTheoryLib/Research/ICLR2027EAQECC/Definitions.lean:68:34: Used `tac1 <;> tac2` where `(tac1; tac2)` would suffice

Note: This linter can be disabled with `set_option linter.unnecessarySeqFocus false`
⚠ [8201/8202] Replayed CodingTheoryLib.Research.ICLR2027EAQECC.Theorem1
warning: CodingTheoryLib/Research/ICLR2027EAQECC/Theorem1.lean:148:53: This simp argument is unused:
  Fintype.sum_bool

Hint: Omit it from the simp argument list.
  simp [closedDelta, symplecticProduct, closedWord, aCoeff, bCoeff, Fintype.sum_sum_type,
  ̲  ̲ ̲ ̲ ̲ ̲ ̲ ̲Fintype.sum_prod_type, F̵i̵n̵t̵y̵p̵e̵.̵s̵u̵m̵_̵b̵o̵o̵l̵,̵Fin.sum_univ_succ, Nat.cast_card_eq_zero]

Note: This linter can be disabled with `set_option linter.unusedSimpArgs false`
warning: CodingTheoryLib/Research/ICLR2027EAQECC/Theorem1.lean:150:6: 'push_cast' tactic does nothing

Note: This linter can be disabled with `set_option linter.unusedTactic false`
warning: CodingTheoryLib/Research/ICLR2027EAQECC/Theorem1.lean:184:23: Used `tac1 <;> tac2` where `(tac1; tac2)` would suffice

Note: This linter can be disabled with `set_option linter.unnecessarySeqFocus false`
warning: CodingTheoryLib/Research/ICLR2027EAQECC/Theorem1.lean:202:60: This simp argument is unused:
  zero_mul

Hint: Omit it from the simp argument list.
  simp only [aCoeff, bCoeff, mul_one, mul_zero, sub_zero, zero_m̵u̵l̵,̵ ̵z̵e̵r̵o̵_̵sub] at ha hb

Note: This linter can be disabled with `set_option linter.unusedSimpArgs false`
warning: CodingTheoryLib/Research/ICLR2027EAQECC/Theorem1.lean:339:8: Try `simp at hxy` instead of `simpa using hxy`

Note: This linter can be disabled with `set_option linter.unnecessarySimpa false`
warning: CodingTheoryLib/Research/ICLR2027EAQECC/Theorem1.lean:340:6: try 'simp' instead of 'simpa'

Note: This linter can be disabled with `set_option linter.unnecessarySimpa false`
warning: CodingTheoryLib/Research/ICLR2027EAQECC/Theorem1.lean:343:8: Try `simp at hxy` instead of `simpa using hxy`

Note: This linter can be disabled with `set_option linter.unnecessarySimpa false`
info: CodingTheoryLib/Research/ICLR2027EAQECC/Theorem1.lean:397:0: 'ICLR2027EAQECC.theorem1_closed_form' depends on axioms: [propext, Classical.choice, Quot.sound]
info: CodingTheoryLib/Research/ICLR2027EAQECC/Theorem1.lean:398:0: 'ICLR2027EAQECC.theorem1_exact' depends on axioms: [propext, Classical.choice, Quot.sound]
ℹ [8202/8202] Replayed CodingTheoryLib.Research.ICLR2027EAQECC.Comparator.Theorem1Solution
info: CodingTheoryLib/Research/ICLR2027EAQECC/Comparator/Theorem1Solution.lean:19:0: 'ICLR2027EAQECC.Comparator.theorem1_exact_goal' depends on axioms: [propext, Classical.choice, Quot.sound]
Build completed successfully (8202 jobs).
Exporting #[ICLR2027EAQECC.Comparator.theorem1_exact_goal, propext, Quot.sound, Classical.choice, Nat.add, Nat.sub, Nat.mul, Nat.pow, Nat.gcd, Nat.div, Nat.mod, Nat.beq, Nat.ble, Nat.land, Nat.lor, Nat.xor, Nat.shiftLeft, Nat.shiftRight, String.ofList] from CodingTheoryLib.Research.ICLR2027EAQECC.Comparator.Theorem1Solution
Running Lean default kernel on solution.
Lean default kernel accepts the solution
Your solution is okay!
	Command being timed: "timeout 1800 lake env comparator CodingTheoryLib/Research/ICLR2027EAQECC/Comparator/Theorem1.json"
	User time (seconds): 70.76
	System time (seconds): 10.17
	Percent of CPU this job got: 99%
	Elapsed (wall clock) time (h:mm:ss or m:ss): 1:21.59
	Average shared text size (kbytes): 0
	Average unshared data size (kbytes): 0
	Average stack size (kbytes): 0
	Average total size (kbytes): 0
	Maximum resident set size (kbytes): 6474776
	Average resident set size (kbytes): 0
	Major (requiring I/O) page faults: 2
	Minor (reclaiming a frame) page faults: 638477
	Voluntary context switches: 161116
	Involuntary context switches: 80469
	Swaps: 0
	File system inputs: 56
	File system outputs: 32
	Socket messages sent: 0
	Socket messages received: 0
	Signals delivered: 0
	Page size (bytes): 4096
	Exit status: 0
